61.135.169.84 - - [10/Jan/2014:18:53:38 +0800] "GET / HTTP/1.1" 500 273 "-" "Mozilla/5.0 (Windows NT 6.1; WOW64) AppleWebKit/537.36 (KHTML, like Gecko) Chrome/31.0.1650.63 Safari/537.36"
61.135.169.84 - - [10/Jan/2014:18:53:55 +0800] "GET / HTTP/1.1" 200 295 "-" "Mozilla/5.0 (Windows NT 6.1; WOW64) AppleWebKit/537.36 (KHTML, like Gecko) Chrome/31.0.1650.63 Safari/537.36"
118.195.65.4 - - [11/Jan/2014:09:04:06 +0800] "GET / HTTP/1.1" 200 295 "-" "Mozilla/5.0 (Windows NT 6.1; WOW64) AppleWebKit/537.36 (KHTML, like Gecko) Chrome/32.0.1700.72 Safari/537.36"
118.195.65.4 - - [11/Jan/2014:09:04:07 +0800] "GET /favicon.ico HTTP/1.1" 404 468 "-" "Mozilla/5.0 (Windows NT 6.1; WOW64) AppleWebKit/537.36 (KHTML, like Gecko) Chrome/32.0.1700.72 Safari/537.36"
118.195.65.4 - - [11/Jan/2014:09:14:25 +0800] "GET / HTTP/1.1" 500 273 "-" "Mozilla/5.0 (Windows NT 6.1; WOW64) AppleWebKit/537.36 (KHTML, like Gecko) Chrome/32.0.1700.72 Safari/537.36"
118.195.65.4 - - [11/Jan/2014:09:21:31 +0800] "GET / HTTP/1.1" 200 268 "-" "Mozilla/5.0 (Windows NT 6.1; WOW64) AppleWebKit/537.36 (KHTML, like Gecko) Chrome/32.0.1700.72 Safari/537.36"
118.195.65.4 - - [11/Jan/2014:09:25:04 +0800] "GET / HTTP/1.1" 500 273 "-" "Mozilla/5.0 (Windows NT 6.1; WOW64) AppleWebKit/537.36 (KHTML, like Gecko) Chrome/32.0.1700.72 Safari/537.36"
118.195.65.4 - - [11/Jan/2014:09:25:46 +0800] "GET / HTTP/1.1" 500 273 "-" "Mozilla/5.0 (Windows NT 6.1; WOW64) AppleWebKit/537.36 (KHTML, like Gecko) Chrome/32.0.1700.72 Safari/537.36"
118.195.65.4 - - [11/Jan/2014:09:27:39 +0800] "GET / HTTP/1.1" 500 273 "-" "Mozilla/5.0 (Windows NT 6.1; WOW64) AppleWebKit/537.36 (KHTML, like Gecko) Chrome/32.0.1700.72 Safari/537.36"
118.195.65.4 - - [11/Jan/2014:09:27:45 +0800] "GET / HTTP/1.1" 500 273 "-" "Mozilla/5.0 (Windows NT 6.1; WOW64) AppleWebKit/537.36 (KHTML, like Gecko) Chrome/32.0.1700.72 Safari/537.36"
118.195.65.4 - - [11/Jan/2014:09:28:21 +0800] "GET / HTTP/1.1" 500 273 "-" "Mozilla/5.0 (Windows NT 6.1; WOW64) AppleWebKit/537.36 (KHTML, like Gecko) Chrome/32.0.1700.72 Safari/537.36"
118.195.65.4 - - [11/Jan/2014:09:28:26 +0800] "GET / HTTP/1.1" 500 273 "-" "Mozilla/5.0 (Windows NT 6.1; WOW64) AppleWebKit/537.36 (KHTML, like Gecko) Chrome/32.0.1700.72 Safari/537.36"
118.195.65.4 - - [11/Jan/2014:09:30:57 +0800] "GET / HTTP/1.1" 500 273 "-" "Mozilla/5.0 (Windows NT 6.1; WOW64) AppleWebKit/537.36 (KHTML, like Gecko) Chrome/32.0.1700.72 Safari/537.36"
118.195.65.4 - - [11/Jan/2014:09:31:36 +0800] "GET / HTTP/1.1" 500 273 "-" "Mozilla/5.0 (Windows NT 6.1; WOW64) AppleWebKit/537.36 (KHTML, like Gecko) Chrome/32.0.1700.72 Safari/537.36"
118.195.65.4 - - [11/Jan/2014:09:33:20 +0800] "GET / HTTP/1.1" 500 273 "-" "Mozilla/5.0 (Windows NT 6.1; WOW64) AppleWebKit/537.36 (KHTML, like Gecko) Chrome/32.0.1700.72 Safari/537.36"
118.195.65.4 - - [11/Jan/2014:09:33:32 +0800] "GET / HTTP/1.1" 500 273 "-" "Mozilla/5.0 (Windows NT 6.1; WOW64) AppleWebKit/537.36 (KHTML, like Gecko) Chrome/32.0.1700.72 Safari/537.36"
118.195.65.4 - - [11/Jan/2014:09:33:51 +0800] "GET / HTTP/1.1" 500 273 "-" "Mozilla/5.0 (Windows NT 6.1; WOW64) AppleWebKit/537.36 (KHTML, like Gecko) Chrome/32.0.1700.72 Safari/537.36"
118.195.65.4 - - [11/Jan/2014:09:33:55 +0800] "GET / HTTP/1.1" 500 273 "-" "Mozilla/5.0 (Windows NT 6.1; WOW64) AppleWebKit/537.36 (KHTML, like Gecko) Chrome/32.0.1700.72 Safari/537.36"
118.195.65.4 - - [11/Jan/2014:09:34:25 +0800] "GET / HTTP/1.1" 500 273 "-" "Mozilla/5.0 (Windows NT 6.1; WOW64) AppleWebKit/537.36 (KHTML, like Gecko) Chrome/32.0.1700.72 Safari/537.36"
118.195.65.4 - - [11/Jan/2014:09:34:29 +0800] "GET / HTTP/1.1" 500 273 "-" "Mozilla/5.0 (Windows NT 6.1; WOW64) AppleWebKit/537.36 (KHTML, like Gecko) Chrome/32.0.1700.72 Safari/537.36"
118.195.65.4 - - [11/Jan/2014:09:44:06 +0800] "GET / HTTP/1.1" 500 273 "-" "Mozilla/5.0 (Windows NT 6.1; WOW64) AppleWebKit/537.36 (KHTML, like Gecko) Chrome/32.0.1700.72 Safari/537.36"
118.195.65.4 - - [11/Jan/2014:09:44:10 +0800] "GET / HTTP/1.1" 500 273 "-" "Mozilla/5.0 (Windows NT 6.1; WOW64) AppleWebKit/537.36 (KHTML, like Gecko) Chrome/32.0.1700.72 Safari/537.36"
118.195.65.4 - - [11/Jan/2014:09:45:06 +0800] "GET / HTTP/1.1" 500 273 "-" "Mozilla/5.0 (Windows NT 6.1; WOW64) AppleWebKit/537.36 (KHTML, like Gecko) Chrome/32.0.1700.72 Safari/537.36"
118.195.65.4 - - [11/Jan/2014:09:46:45 +0800] "GET / HTTP/1.1" 200 260 "-" "Mozilla/5.0 (Windows NT 6.1; WOW64) AppleWebKit/537.36 (KHTML, like Gecko) Chrome/32.0.1700.72 Safari/537.36"
118.195.65.4 - - [11/Jan/2014:09:48:59 +0800] "GET / HTTP/1.1" 500 273 "-" "Mozilla/5.0 (Windows NT 6.1; WOW64) AppleWebKit/537.36 (KHTML, like Gecko) Chrome/32.0.1700.72 Safari/537.36"
118.195.65.4 - - [11/Jan/2014:09:50:47 +0800] "GET / HTTP/1.1" 500 273 "-" "Mozilla/5.0 (Windows NT 6.1; WOW64) AppleWebKit/537.36 (KHTML, like Gecko) Chrome/32.0.1700.72 Safari/537.36"
118.195.65.4 - - [11/Jan/2014:09:52:05 +0800] "GET / HTTP/1.1" 500 273 "-" "Mozilla/5.0 (Windows NT 6.1; WOW64) AppleWebKit/537.36 (KHTML, like Gecko) Chrome/32.0.1700.72 Safari/537.36"
118.195.65.4 - - [11/Jan/2014:09:54:48 +0800] "GET / HTTP/1.1" 500 273 "-" "Mozilla/5.0 (Windows NT 6.1; WOW64) AppleWebKit/537.36 (KHTML, like Gecko) Chrome/32.0.1700.72 Safari/537.36"
118.195.65.4 - - [11/Jan/2014:09:55:14 +0800] "GET / HTTP/1.1" 500 273 "-" "Mozilla/5.0 (Windows NT 6.1; WOW64) AppleWebKit/537.36 (KHTML, like Gecko) Chrome/32.0.1700.72 Safari/537.36"
118.195.65.4 - - [11/Jan/2014:09:55:53 +0800] "GET / HTTP/1.1" 500 273 "-" "Mozilla/5.0 (Windows NT 6.1; WOW64) AppleWebKit/537.36 (KHTML, like Gecko) Chrome/32.0.1700.72 Safari/537.36"
118.195.65.4 - - [11/Jan/2014:09:56:34 +0800] "GET / HTTP/1.1" 200 266 "-" "Mozilla/5.0 (Windows NT 6.1; WOW64) AppleWebKit/537.36 (KHTML, like Gecko) Chrome/32.0.1700.72 Safari/537.36"
118.195.65.4 - - [11/Jan/2014:09:56:39 +0800] "GET / HTTP/1.1" 200 266 "-" "Mozilla/5.0 (Windows NT 6.1; WOW64) AppleWebKit/537.36 (KHTML, like Gecko) Chrome/32.0.1700.72 Safari/537.36"
118.195.65.4 - - [11/Jan/2014:10:02:20 +0800] "GET / HTTP/1.1" 200 266 "-" "Mozilla/5.0 (Windows NT 6.1; WOW64) AppleWebKit/537.36 (KHTML, like Gecko) Chrome/32.0.1700.72 Safari/537.36"
118.195.65.4 - - [11/Jan/2014:10:04:23 +0800] "GET / HTTP/1.1" 500 273 "-" "Mozilla/5.0 (Windows NT 6.1; WOW64) AppleWebKit/537.36 (KHTML, like Gecko) Chrome/32.0.1700.72 Safari/537.36"
118.195.65.4 - - [11/Jan/2014:10:05:56 +0800] "GET / HTTP/1.1" 500 273 "-" "Mozilla/5.0 (Windows NT 6.1; WOW64) AppleWebKit/537.36 (KHTML, like Gecko) Chrome/32.0.1700.72 Safari/537.36"
118.195.65.4 - - [11/Jan/2014:10:06:03 +0800] "GET / HTTP/1.1" 500 273 "-" "Mozilla/5.0 (Windows NT 6.1; WOW64) AppleWebKit/537.36 (KHTML, like Gecko) Chrome/32.0.1700.72 Safari/537.36"
118.195.65.4 - - [11/Jan/2014:10:07:01 +0800] "GET / HTTP/1.1" 500 273 "-" "Mozilla/5.0 (Windows NT 6.1; WOW64) AppleWebKit/537.36 (KHTML, like Gecko) Chrome/32.0.1700.72 Safari/537.36"
118.195.65.4 - - [11/Jan/2014:10:07:09 +0800] "GET / HTTP/1.1" 500 273 "-" "Mozilla/5.0 (Windows NT 6.1; WOW64) AppleWebKit/537.36 (KHTML, like Gecko) Chrome/32.0.1700.72 Safari/537.36"
118.195.65.4 - - [11/Jan/2014:10:07:51 +0800] "GET / HTTP/1.1" 200 264 "-" "Mozilla/5.0 (Windows NT 6.1; WOW64) AppleWebKit/537.36 (KHTML, like Gecko) Chrome/32.0.1700.72 Safari/537.36"
118.195.65.4 - - [11/Jan/2014:10:07:59 +0800] "GET / HTTP/1.1" 200 264 "-" "Mozilla/5.0 (Windows NT 6.1; WOW64) AppleWebKit/537.36 (KHTML, like Gecko) Chrome/32.0.1700.72 Safari/537.36"
66.249.66.14 - - [11/Jan/2014:11:39:14 +0800] "GET /robots.txt HTTP/1.1" 404 466 "-" "Mozilla/5.0 (compatible; Googlebot/2.1; +http://www.google.com/bot.html)"
66.249.66.14 - - [11/Jan/2014:11:39:14 +0800] "GET / HTTP/1.1" 200 264 "-" "Mozilla/5.0 (compatible; Googlebot/2.1; +http://www.google.com/bot.html)"
198.101.238.203 - - [11/Jan/2014:18:06:13 +0800] "GET / HTTP/1.1" 200 264 "-" "Mozilla/5.0 (Windows NT 6.1; WOW64) AppleWebKit/534.24 (KHTML, like Gecko) Chrome/11.0.696.71 Safari/534.24"
125.39.108.72 - - [12/Jan/2014:10:11:54 +0800] "GET / HTTP/1.1" 200 264 "-" "Mozilla/5.0 (Windows NT 6.1; WOW64) AppleWebKit/537.36 (KHTML, like Gecko) Chrome/32.0.1700.72 Safari/537.36"
125.39.108.72 - - [12/Jan/2014:10:11:57 +0800] "GET /favicon.ico HTTP/1.1" 404 468 "-" "Mozilla/5.0 (Windows NT 6.1; WOW64) AppleWebKit/537.36 (KHTML, like Gecko) Chrome/32.0.1700.72 Safari/537.36"
125.39.108.72 - - [12/Jan/2014:10:11:57 +0800] "GET /favicon.ico HTTP/1.1" 404 468 "-" "Mozilla/5.0 (Windows NT 6.1; WOW64) AppleWebKit/537.36 (KHTML, like Gecko) Chrome/32.0.1700.72 Safari/537.36"
220.181.51.202 - - [12/Jan/2014:12:12:43 +0800] "GET / HTTP/1.0" 200 264 "-" "scrapybot/1.0"
220.181.51.211 - - [12/Jan/2014:12:15:38 +0800] "GET / HTTP/1.0" 200 264 "-" "scrapybot/1.0"
220.181.51.206 - - [12/Jan/2014:12:38:03 +0800] "GET / HTTP/1.0" 200 264 "-" "scrapybot/1.0"
220.181.51.203 - - [12/Jan/2014:12:38:08 +0800] "GET / HTTP/1.0" 200 264 "-" "scrapybot/1.0"
66.249.73.39 - - [12/Jan/2014:17:41:44 +0800] "GET /robots.txt HTTP/1.1" 404 469 "-" "Mozilla/5.0 (compatible; Googlebot/2.1; +http://www.google.com/bot.html)"
66.249.73.39 - - [12/Jan/2014:17:41:44 +0800] "GET / HTTP/1.1" 200 264 "-" "Mozilla/5.0 (compatible; Googlebot/2.1; +http://www.google.com/bot.html)"
50.17.113.149 - - [12/Jan/2014:18:52:23 +0800] "GET / HTTP/1.1" 200 220 "-" "Mozilla/5.0 (Windows; U; Windows NT 6.0; en-US; rv:1.9.2.3) Gecko/20100401 Firefox/3.6.3 GTB6 (.NET CLR 3.5.30729)"
106.120.121.146 - - [13/Jan/2014:08:19:57 +0800] "GET / HTTP/1.1" 200 220 "-" "User-Agent: Mozilla/4.0 (compatible; MSIE 6.0; Windows NT 5.2; .NET CLR 1.0.3705;)"
106.120.121.155 - - [13/Jan/2014:10:32:39 +0800] "GET / HTTP/1.1" 200 220 "" "Mozilla/4.0 (compatible; MSIE 6.0; Windows NT 5.1; SV1; .NET CLR 1.1.4322)"
106.120.121.146 - - [13/Jan/2014:10:47:25 +0800] "GET / HTTP/1.1" 200 220 "-" "User-Agent: Mozilla/4.0 (compatible; MSIE 6.0; Windows NT 5.2; .NET CLR 1.0.3705;)"
106.120.121.146 - - [13/Jan/2014:13:12:37 +0800] "GET / HTTP/1.1" 200 220 "-" "User-Agent: Mozilla/4.0 (compatible; MSIE 6.0; Windows NT 5.2; .NET CLR 1.0.3705;)"
106.120.121.146 - - [13/Jan/2014:15:40:52 +0800] "GET / HTTP/1.1" 200 220 "-" "User-Agent: Mozilla/4.0 (compatible; MSIE 6.0; Windows NT 5.2; .NET CLR 1.0.3705;)"
118.195.65.14 - - [13/Jan/2014:20:17:01 +0800] "GET / HTTP/1.1" 200 264 "-" "Mozilla/5.0 (Windows NT 6.1; WOW64) AppleWebKit/537.36 (KHTML, like Gecko) Chrome/32.0.1700.72 Safari/537.36"
118.195.65.14 - - [13/Jan/2014:20:17:02 +0800] "GET /favicon.ico HTTP/1.1" 404 468 "-" "Mozilla/5.0 (Windows NT 6.1; WOW64) AppleWebKit/537.36 (KHTML, like Gecko) Chrome/32.0.1700.72 Safari/537.36"
118.195.65.14 - - [13/Jan/2014:21:21:50 +0800] "GET / HTTP/1.1" 500 273 "-" "Mozilla/5.0 (Windows NT 6.1; WOW64) AppleWebKit/537.36 (KHTML, like Gecko) Chrome/32.0.1700.72 Safari/537.36"
118.195.65.14 - - [13/Jan/2014:21:21:50 +0800] "GET / HTTP/1.1" 500 273 "-" "Mozilla/5.0 (Windows NT 6.1; WOW64) AppleWebKit/537.36 (KHTML, like Gecko) Chrome/32.0.1700.72 Safari/537.36"
118.195.65.14 - - [13/Jan/2014:21:21:50 +0800] "GET / HTTP/1.1" 500 273 "-" "Mozilla/5.0 (Windows NT 6.1; WOW64) AppleWebKit/537.36 (KHTML, like Gecko) Chrome/32.0.1700.72 Safari/537.36"
118.195.65.14 - - [13/Jan/2014:21:22:06 +0800] "GET / HTTP/1.1" 500 273 "-" "Mozilla/5.0 (Windows NT 6.1; WOW64) AppleWebKit/537.36 (KHTML, like Gecko) Chrome/32.0.1700.72 Safari/537.36"
118.195.65.14 - - [13/Jan/2014:21:22:18 +0800] "GET / HTTP/1.1" 500 273 "-" "Mozilla/5.0 (Windows NT 6.1; WOW64) AppleWebKit/537.36 (KHTML, like Gecko) Chrome/32.0.1700.72 Safari/537.36"
118.195.65.14 - - [13/Jan/2014:21:23:53 +0800] "GET / HTTP/1.1" 500 273 "-" "Mozilla/5.0 (Windows NT 6.1; WOW64) AppleWebKit/537.36 (KHTML, like Gecko) Chrome/32.0.1700.72 Safari/537.36"
118.195.65.14 - - [13/Jan/2014:21:25:19 +0800] "GET / HTTP/1.1" 500 273 "-" "Mozilla/5.0 (Windows NT 6.1; WOW64) AppleWebKit/537.36 (KHTML, like Gecko) Chrome/32.0.1700.72 Safari/537.36"
118.195.65.14 - - [13/Jan/2014:21:31:55 +0800] "GET / HTTP/1.1" 200 305 "-" "Mozilla/5.0 (Windows NT 6.1; WOW64) AppleWebKit/537.36 (KHTML, like Gecko) Chrome/32.0.1700.72 Safari/537.36"
118.195.65.14 - - [13/Jan/2014:21:34:51 +0800] "GET / HTTP/1.1" 200 305 "-" "Mozilla/5.0 (Windows NT 6.1; WOW64) AppleWebKit/537.36 (KHTML, like Gecko) Chrome/32.0.1700.72 Safari/537.36"
118.195.65.14 - - [13/Jan/2014:21:34:53 +0800] "GET / HTTP/1.1" 200 305 "-" "Mozilla/5.0 (Windows NT 6.1; WOW64) AppleWebKit/537.36 (KHTML, like Gecko) Chrome/32.0.1700.72 Safari/537.36"
118.195.65.14 - - [13/Jan/2014:21:34:53 +0800] "GET / HTTP/1.1" 200 305 "-" "Mozilla/5.0 (Windows NT 6.1; WOW64) AppleWebKit/537.36 (KHTML, like Gecko) Chrome/32.0.1700.72 Safari/537.36"
118.195.65.14 - - [13/Jan/2014:21:34:54 +0800] "GET / HTTP/1.1" 200 305 "-" "Mozilla/5.0 (Windows NT 6.1; WOW64) AppleWebKit/537.36 (KHTML, like Gecko) Chrome/32.0.1700.72 Safari/537.36"
118.195.65.14 - - [13/Jan/2014:21:35:04 +0800] "GET / HTTP/1.1" 200 305 "-" "Mozilla/5.0 (Windows NT 6.1; WOW64) AppleWebKit/537.36 (KHTML, like Gecko) Chrome/32.0.1700.72 Safari/537.36"
118.195.65.14 - - [13/Jan/2014:21:35:05 +0800] "GET / HTTP/1.1" 200 305 "-" "Mozilla/5.0 (Windows NT 6.1; WOW64) AppleWebKit/537.36 (KHTML, like Gecko) Chrome/32.0.1700.72 Safari/537.36"
118.195.65.14 - - [13/Jan/2014:21:35:26 +0800] "GET / HTTP/1.1" 500 273 "-" "Mozilla/5.0 (Windows NT 6.1; WOW64) AppleWebKit/537.36 (KHTML, like Gecko) Chrome/32.0.1700.72 Safari/537.36"
118.195.65.14 - - [13/Jan/2014:21:35:38 +0800] "GET / HTTP/1.1" 200 395 "-" "Mozilla/5.0 (Windows NT 6.1; WOW64) AppleWebKit/537.36 (KHTML, like Gecko) Chrome/32.0.1700.72 Safari/537.36"
118.195.65.14 - - [13/Jan/2014:21:39:53 +0800] "GET / HTTP/1.1" 500 273 "-" "Mozilla/5.0 (Windows NT 6.1; WOW64) AppleWebKit/537.36 (KHTML, like Gecko) Chrome/32.0.1700.72 Safari/537.36"
118.195.65.14 - - [13/Jan/2014:21:43:40 +0800] "GET / HTTP/1.1" 500 273 "-" "Mozilla/5.0 (Windows NT 6.1; WOW64) AppleWebKit/537.36 (KHTML, like Gecko) Chrome/32.0.1700.72 Safari/537.36"
118.195.65.14 - - [13/Jan/2014:21:44:42 +0800] "GET / HTTP/1.1" 500 273 "-" "Mozilla/5.0 (Windows NT 6.1; WOW64) AppleWebKit/537.36 (KHTML, like Gecko) Chrome/32.0.1700.72 Safari/537.36"
118.195.65.14 - - [13/Jan/2014:21:44:47 +0800] "GET / HTTP/1.1" 500 273 "-" "Mozilla/5.0 (Windows NT 6.1; WOW64) AppleWebKit/537.36 (KHTML, like Gecko) Chrome/32.0.1700.72 Safari/537.36"
118.195.65.14 - - [13/Jan/2014:21:44:49 +0800] "GET / HTTP/1.1" 500 273 "-" "Mozilla/5.0 (Windows NT 6.1; WOW64) AppleWebKit/537.36 (KHTML, like Gecko) Chrome/32.0.1700.72 Safari/537.36"
118.195.65.14 - - [13/Jan/2014:21:45:33 +0800] "GET / HTTP/1.1" 200 257 "-" "Mozilla/5.0 (Windows NT 6.1; WOW64) AppleWebKit/537.36 (KHTML, like Gecko) Chrome/32.0.1700.72 Safari/537.36"
118.195.65.14 - - [13/Jan/2014:21:45:58 +0800] "GET / HTTP/1.1" 500 273 "-" "Mozilla/5.0 (Windows NT 6.1; WOW64) AppleWebKit/537.36 (KHTML, like Gecko) Chrome/32.0.1700.72 Safari/537.36"
118.195.65.14 - - [13/Jan/2014:21:45:59 +0800] "GET / HTTP/1.1" 500 273 "-" "Mozilla/5.0 (Windows NT 6.1; WOW64) AppleWebKit/537.36 (KHTML, like Gecko) Chrome/32.0.1700.72 Safari/537.36"
118.195.65.14 - - [13/Jan/2014:21:46:48 +0800] "GET / HTTP/1.1" 500 273 "-" "Mozilla/5.0 (Windows NT 6.1; WOW64) AppleWebKit/537.36 (KHTML, like Gecko) Chrome/32.0.1700.72 Safari/537.36"
118.195.65.14 - - [13/Jan/2014:21:47:12 +0800] "GET / HTTP/1.1" 500 273 "-" "Mozilla/5.0 (Windows NT 6.1; WOW64) AppleWebKit/537.36 (KHTML, like Gecko) Chrome/32.0.1700.72 Safari/537.36"
118.195.65.14 - - [13/Jan/2014:21:47:13 +0800] "GET / HTTP/1.1" 500 273 "-" "Mozilla/5.0 (Windows NT 6.1; WOW64) AppleWebKit/537.36 (KHTML, like Gecko) Chrome/32.0.1700.72 Safari/537.36"
118.195.65.14 - - [13/Jan/2014:21:47:24 +0800] "GET / HTTP/1.1" 200 257 "-" "Mozilla/5.0 (Windows NT 6.1; WOW64) AppleWebKit/537.36 (KHTML, like Gecko) Chrome/32.0.1700.72 Safari/537.36"
118.195.65.14 - - [13/Jan/2014:21:47:37 +0800] "GET / HTTP/1.1" 200 257 "-" "Mozilla/5.0 (Windows NT 6.1; WOW64) AppleWebKit/537.36 (KHTML, like Gecko) Chrome/32.0.1700.72 Safari/537.36"
118.195.65.14 - - [13/Jan/2014:21:49:07 +0800] "GET / HTTP/1.1" 500 273 "-" "Mozilla/5.0 (Windows NT 6.1; WOW64) AppleWebKit/537.36 (KHTML, like Gecko) Chrome/32.0.1700.72 Safari/537.36"
118.195.65.14 - - [13/Jan/2014:21:49:23 +0800] "GET / HTTP/1.1" 500 273 "-" "Mozilla/5.0 (Windows NT 6.1; WOW64) AppleWebKit/537.36 (KHTML, like Gecko) Chrome/32.0.1700.72 Safari/537.36"
118.195.65.14 - - [13/Jan/2014:21:49:37 +0800] "GET / HTTP/1.1" 500 273 "-" "Mozilla/5.0 (Windows NT 6.1; WOW64) AppleWebKit/537.36 (KHTML, like Gecko) Chrome/32.0.1700.72 Safari/537.36"
118.195.65.14 - - [13/Jan/2014:21:49:47 +0800] "GET / HTTP/1.1" 200 258 "-" "Mozilla/5.0 (Windows NT 6.1; WOW64) AppleWebKit/537.36 (KHTML, like Gecko) Chrome/32.0.1700.72 Safari/537.36"
118.195.65.14 - - [13/Jan/2014:21:49:57 +0800] "GET / HTTP/1.1" 500 273 "-" "Mozilla/5.0 (Windows NT 6.1; WOW64) AppleWebKit/537.36 (KHTML, like Gecko) Chrome/32.0.1700.72 Safari/537.36"
118.195.65.14 - - [13/Jan/2014:21:52:56 +0800] "GET / HTTP/1.1" 500 273 "-" "Mozilla/5.0 (Windows NT 6.1; WOW64) AppleWebKit/537.36 (KHTML, like Gecko) Chrome/32.0.1700.72 Safari/537.36"
118.195.65.14 - - [13/Jan/2014:21:52:58 +0800] "GET / HTTP/1.1" 500 273 "-" "Mozilla/5.0 (Windows NT 6.1; WOW64) AppleWebKit/537.36 (KHTML, like Gecko) Chrome/32.0.1700.72 Safari/537.36"
118.195.65.14 - - [13/Jan/2014:21:53:08 +0800] "GET / HTTP/1.1" 500 273 "-" "Mozilla/5.0 (Windows NT 6.1; WOW64) AppleWebKit/537.36 (KHTML, like Gecko) Chrome/32.0.1700.72 Safari/537.36"
118.195.65.14 - - [13/Jan/2014:21:53:09 +0800] "GET / HTTP/1.1" 500 273 "-" "Mozilla/5.0 (Windows NT 6.1; WOW64) AppleWebKit/537.36 (KHTML, like Gecko) Chrome/32.0.1700.72 Safari/537.36"
118.195.65.14 - - [13/Jan/2014:21:53:25 +0800] "GET / HTTP/1.1" 500 273 "-" "Mozilla/5.0 (Windows NT 6.1; WOW64) AppleWebKit/537.36 (KHTML, like Gecko) Chrome/32.0.1700.72 Safari/537.36"
118.195.65.14 - - [13/Jan/2014:21:53:26 +0800] "GET / HTTP/1.1" 500 273 "-" "Mozilla/5.0 (Windows NT 6.1; WOW64) AppleWebKit/537.36 (KHTML, like Gecko) Chrome/32.0.1700.72 Safari/537.36"
118.195.65.14 - - [13/Jan/2014:21:53:40 +0800] "GET / HTTP/1.1" 500 273 "-" "Mozilla/5.0 (Windows NT 6.1; WOW64) AppleWebKit/537.36 (KHTML, like Gecko) Chrome/32.0.1700.72 Safari/537.36"
118.195.65.14 - - [13/Jan/2014:21:53:42 +0800] "GET / HTTP/1.1" 500 273 "-" "Mozilla/5.0 (Windows NT 6.1; WOW64) AppleWebKit/537.36 (KHTML, like Gecko) Chrome/32.0.1700.72 Safari/537.36"
118.195.65.14 - - [13/Jan/2014:21:55:16 +0800] "GET / HTTP/1.1" 200 264 "-" "Mozilla/5.0 (Windows NT 6.1; WOW64) AppleWebKit/537.36 (KHTML, like Gecko) Chrome/32.0.1700.72 Safari/537.36"
118.195.65.14 - - [13/Jan/2014:21:58:26 +0800] "GET / HTTP/1.1" 200 264 "-" "Mozilla/5.0 (Windows NT 6.1; WOW64) AppleWebKit/537.36 (KHTML, like Gecko) Chrome/32.0.1700.72 Safari/537.36"
106.120.121.146 - - [14/Jan/2014:08:17:14 +0800] "GET / HTTP/1.1" 200 220 "-" "User-Agent: Mozilla/4.0 (compatible; MSIE 6.0; Windows NT 5.2; .NET CLR 1.0.3705;)"
106.120.121.146 - - [14/Jan/2014:09:33:39 +0800] "GET / HTTP/1.1" 200 220 "-" "User-Agent: Mozilla/4.0 (compatible; MSIE 6.0; Windows NT 5.2; .NET CLR 1.0.3705;)"
66.249.74.14 - - [14/Jan/2014:11:39:19 +0800] "GET /robots.txt HTTP/1.1" 404 466 "-" "Mozilla/5.0 (compatible; Googlebot/2.1; +http://www.google.com/bot.html)"
66.249.77.69 - - [14/Jan/2014:11:39:20 +0800] "GET / HTTP/1.1" 200 264 "-" "Mozilla/5.0 (compatible; Googlebot/2.1; +http://www.google.com/bot.html)"
106.120.121.146 - - [14/Jan/2014:12:00:03 +0800] "GET / HTTP/1.1" 200 220 "-" "User-Agent: Mozilla/4.0 (compatible; MSIE 6.0; Windows NT 5.2; .NET CLR 1.0.3705;)"
106.120.121.155 - - [14/Jan/2014:14:12:49 +0800] "GET / HTTP/1.1" 200 220 "" "Mozilla/4.0 (compatible; MSIE 6.0; Windows NT 5.1; SV1; .NET CLR 1.1.4322)"
106.120.121.146 - - [14/Jan/2014:14:25:53 +0800] "GET / HTTP/1.1" 200 220 "-" "User-Agent: Mozilla/4.0 (compatible; MSIE 6.0; Windows NT 5.2; .NET CLR 1.0.3705;)"
106.120.121.154 - - [14/Jan/2014:15:04:36 +0800] "GET / HTTP/1.1" 200 220 "-" "InetURL:/1.0"
106.120.121.154 - - [14/Jan/2014:15:04:38 +0800] "GET / HTTP/1.1" 200 220 "-" "-"
106.120.121.146 - - [14/Jan/2014:16:53:20 +0800] "GET / HTTP/1.1" 200 220 "-" "User-Agent: Mozilla/4.0 (compatible; MSIE 6.0; Windows NT 5.2; .NET CLR 1.0.3705;)"
106.120.121.146 - - [15/Jan/2014:08:22:08 +0800] "GET / HTTP/1.1" 200 220 "-" "Mozilla/4.0 (compatible; MSIE 8.0; Windows NT 5.1; Trident/4.0; .NET CLR 2.0.50727; .NET CLR 3.0.04506.648; .NET CLR 3.5.21022; InfoPath.2; .NET4.0C; .NET4.0E)"
106.120.121.146 - - [15/Jan/2014:10:45:26 +0800] "GET / HTTP/1.1" 200 220 "-" "Mozilla/4.0 (compatible; MSIE 8.0; Windows NT 5.1; Trident/4.0; .NET CLR 2.0.50727; .NET CLR 3.0.04506.648; .NET CLR 3.5.21022; InfoPath.2; .NET4.0C; .NET4.0E)"
38.99.82.196 - - [15/Jan/2014:12:14:57 +0800] "GET /robots.txt HTTP/1.0" 404 469 "-" "Mozilla/4.0 (compatible; MSIE 7.0b; Windows NT 6.0)"
38.99.82.196 - - [15/Jan/2014:12:15:04 +0800] "GET / HTTP/1.0" 200 264 "-" "Mozilla/4.0 (compatible; MSIE 7.0b; Windows NT 6.0)"
38.99.82.191 - - [15/Jan/2014:12:19:10 +0800] "GET /robots.txt HTTP/1.0" 404 466 "-" "Mozilla/4.0 (compatible; MSIE 7.0b; Windows NT 6.0)"
38.99.82.191 - - [15/Jan/2014:12:19:16 +0800] "GET / HTTP/1.0" 200 264 "-" "Mozilla/4.0 (compatible; MSIE 7.0b; Windows NT 6.0)"
106.120.121.146 - - [15/Jan/2014:13:04:15 +0800] "GET / HTTP/1.1" 200 220 "-" "Mozilla/4.0 (compatible; MSIE 8.0; Windows NT 5.1; Trident/4.0; .NET CLR 2.0.50727; .NET CLR 3.0.04506.648; .NET CLR 3.5.21022; InfoPath.2; .NET4.0C; .NET4.0E)"
106.120.121.146 - - [15/Jan/2014:15:23:26 +0800] "GET / HTTP/1.1" 200 220 "-" "Mozilla/4.0 (compatible; MSIE 8.0; Windows NT 5.1; Trident/4.0; .NET CLR 2.0.50727; .NET CLR 3.0.04506.648; .NET CLR 3.5.21022; InfoPath.2; .NET4.0C; .NET4.0E)"
66.249.74.119 - - [15/Jan/2014:17:41:45 +0800] "GET /robots.txt HTTP/1.1" 404 469 "-" "Mozilla/5.0 (compatible; Googlebot/2.1; +http://www.google.com/bot.html)"
66.249.74.119 - - [15/Jan/2014:17:41:45 +0800] "GET / HTTP/1.1" 200 264 "-" "Mozilla/5.0 (compatible; Googlebot/2.1; +http://www.google.com/bot.html)"
106.120.121.146 - - [15/Jan/2014:17:44:48 +0800] "GET / HTTP/1.1" 200 220 "-" "Mozilla/4.0 (compatible; MSIE 8.0; Windows NT 5.1; Trident/4.0; .NET CLR 2.0.50727; .NET CLR 3.0.04506.648; .NET CLR 3.5.21022; InfoPath.2; .NET4.0C; .NET4.0E)"
106.120.121.146 - - [16/Jan/2014:08:23:15 +0800] "GET / HTTP/1.1" 200 220 "-" "Mozilla/4.0 (compatible; MSIE 8.0; Windows NT 5.1; Trident/4.0; .NET CLR 2.0.50727; .NET CLR 3.0.04506.648; .NET CLR 3.5.21022; InfoPath.2; .NET4.0C; .NET4.0E)"
91.238.248.142 - - [16/Jan/2014:09:41:09 +0800] "GET /wp-admin/ HTTP/1.1" 404 465 "-" "Mozilla/5.0 (Windows NT 6.2; WOW64) AppleWebKit/537.15 (KHTML, like Gecko) Chrome/24.0.1295.0 Safari/537.15"
91.238.248.142 - - [16/Jan/2014:09:41:10 +0800] "GET /wordpress/wp-admin/ HTTP/1.1" 404 470 "-" "Mozilla/5.0 (Macintosh; Intel Mac OS X 10_8_2) AppleWebKit/537.17 (KHTML, like Gecko) Chrome/24.0.1309.0 Safari/537.17"
91.238.248.142 - - [16/Jan/2014:09:41:11 +0800] "GET /blog/wp-admin/ HTTP/1.1" 404 469 "-" "Mozilla/5.0 (Macintosh; Intel Mac OS X 10_8_2) AppleWebKit/537.17 (KHTML, like Gecko) Chrome/24.0.1309.0 Safari/537.17"
106.120.121.146 - - [16/Jan/2014:10:39:47 +0800] "GET / HTTP/1.1" 200 220 "-" "Mozilla/4.0 (compatible; MSIE 8.0; Windows NT 5.1; Trident/4.0; .NET CLR 2.0.50727; .NET CLR 3.0.04506.648; .NET CLR 3.5.21022; InfoPath.2; .NET4.0C; .NET4.0E)"
106.120.121.146 - - [16/Jan/2014:12:55:26 +0800] "GET / HTTP/1.1" 200 220 "-" "Mozilla/4.0 (compatible; MSIE 8.0; Windows NT 5.1; Trident/4.0; .NET CLR 2.0.50727; .NET CLR 3.0.04506.648; .NET CLR 3.5.21022; InfoPath.2; .NET4.0C; .NET4.0E)"
106.120.121.146 - - [16/Jan/2014:15:10:32 +0800] "GET / HTTP/1.1" 200 220 "-" "Mozilla/4.0 (compatible; MSIE 8.0; Windows NT 5.1; Trident/4.0; .NET CLR 2.0.50727; .NET CLR 3.0.04506.648; .NET CLR 3.5.21022; InfoPath.2; .NET4.0C; .NET4.0E)"
106.120.121.146 - - [16/Jan/2014:17:28:03 +0800] "GET / HTTP/1.1" 200 220 "-" "Mozilla/4.0 (compatible; MSIE 8.0; Windows NT 5.1; Trident/4.0; .NET CLR 2.0.50727; .NET CLR 3.0.04506.648; .NET CLR 3.5.21022; InfoPath.2; .NET4.0C; .NET4.0E)"
216.145.14.142 - - [17/Jan/2014:03:45:00 +0800] "GET /robots.txt HTTP/1.0" 404 494 "-" "Mozilla/5.0 (Windows; U; Windows NT 5.1; en; rv:1.9.0.13) Gecko/2009073022 Firefox/3.5.2 (.NET CLR 3.5.30729) SurveyBot/2.3 (DomainTools)"
216.145.14.142 - - [17/Jan/2014:03:45:01 +0800] "GET / HTTP/1.1" 200 264 "http://whois.domaintools.com/kanhuiqiu.com" "Mozilla/5.0 (Windows; U; Windows NT 5.1; en; rv:1.9.0.13) Gecko/2009073022 Firefox/3.5.2 (.NET CLR 3.5.30729) SurveyBot/2.3 (DomainTools)"
106.120.121.146 - - [17/Jan/2014:08:11:02 +0800] "GET / HTTP/1.1" 200 220 "-" "Mozilla/4.0 (compatible; MSIE 8.0; Windows NT 5.1; Trident/4.0; .NET CLR 2.0.50727; .NET CLR 3.0.04506.648; .NET CLR 3.5.21022; InfoPath.2; .NET4.0C; .NET4.0E)"
118.194.208.26 - - [17/Jan/2014:08:32:51 +0800] "GET / HTTP/1.1" 200 264 "-" "Mozilla/5.0 (Windows NT 6.1; WOW64) AppleWebKit/537.36 (KHTML, like Gecko) Chrome/32.0.1700.72 Safari/537.36"
118.194.208.26 - - [17/Jan/2014:08:32:52 +0800] "GET / HTTP/1.1" 200 264 "-" "Mozilla/5.0 (Windows NT 6.1; WOW64) AppleWebKit/537.36 (KHTML, like Gecko) Chrome/32.0.1700.72 Safari/537.36"
118.194.208.26 - - [17/Jan/2014:08:32:52 +0800] "GET /favicon.ico HTTP/1.1" 404 468 "-" "Mozilla/5.0 (Windows NT 6.1; WOW64) AppleWebKit/537.36 (KHTML, like Gecko) Chrome/32.0.1700.72 Safari/537.36"
118.194.208.26 - - [17/Jan/2014:08:33:46 +0800] "GET / HTTP/1.1" 200 281 "-" "Mozilla/5.0 (Windows NT 6.1; WOW64) AppleWebKit/537.36 (KHTML, like Gecko) Chrome/32.0.1700.72 Safari/537.36"
118.194.208.26 - - [17/Jan/2014:08:33:47 +0800] "GET / HTTP/1.1" 200 281 "-" "Mozilla/5.0 (Windows NT 6.1; WOW64) AppleWebKit/537.36 (KHTML, like Gecko) Chrome/32.0.1700.72 Safari/537.36"
118.194.208.26 - - [17/Jan/2014:08:36:17 +0800] "GET / HTTP/1.1" 200 281 "-" "Mozilla/5.0 (Windows NT 6.1; WOW64) AppleWebKit/537.36 (KHTML, like Gecko) Chrome/32.0.1700.72 Safari/537.36"
118.194.208.26 - - [17/Jan/2014:08:36:27 +0800] "GET /static/building.gif HTTP/1.1" 404 472 "-" "Mozilla/5.0 (Windows NT 6.1; WOW64) AppleWebKit/537.36 (KHTML, like Gecko) Chrome/32.0.1700.72 Safari/537.36"
118.194.208.26 - - [17/Jan/2014:08:36:27 +0800] "GET /favicon.ico HTTP/1.1" 404 466 "-" "Mozilla/5.0 (Windows NT 6.1; WOW64) AppleWebKit/537.36 (KHTML, like Gecko) Chrome/32.0.1700.72 Safari/537.36"
118.194.208.26 - - [17/Jan/2014:08:36:53 +0800] "GET /static/building.jpg HTTP/1.1" 200 8277 "-" "Mozilla/5.0 (Windows NT 6.1; WOW64) AppleWebKit/537.36 (KHTML, like Gecko) Chrome/32.0.1700.72 Safari/537.36"
118.194.208.26 - - [17/Jan/2014:08:37:27 +0800] "GET / HTTP/1.1" 200 306 "-" "Mozilla/5.0 (Windows NT 6.1; WOW64) AppleWebKit/537.36 (KHTML, like Gecko) Chrome/32.0.1700.72 Safari/537.36"
118.194.208.26 - - [17/Jan/2014:08:37:28 +0800] "GET /static/building.jpg HTTP/1.1" 304 151 "http://www.kanhuiqiu.com/" "Mozilla/5.0 (Windows NT 6.1; WOW64) AppleWebKit/537.36 (KHTML, like Gecko) Chrome/32.0.1700.72 Safari/537.36"
118.194.208.26 - - [17/Jan/2014:08:37:49 +0800] "GET / HTTP/1.1" 200 318 "-" "Mozilla/5.0 (Windows NT 6.1; WOW64) AppleWebKit/537.36 (KHTML, like Gecko) Chrome/32.0.1700.72 Safari/537.36"
118.194.208.26 - - [17/Jan/2014:08:37:49 +0800] "GET /static/building.jpg HTTP/1.1" 304 151 "http://www.kanhuiqiu.com/" "Mozilla/5.0 (Windows NT 6.1; WOW64) AppleWebKit/537.36 (KHTML, like Gecko) Chrome/32.0.1700.72 Safari/537.36"
118.194.208.26 - - [17/Jan/2014:08:38:26 +0800] "GET / HTTP/1.1" 200 336 "-" "Mozilla/5.0 (Windows NT 6.1; WOW64) AppleWebKit/537.36 (KHTML, like Gecko) Chrome/32.0.1700.72 Safari/537.36"
118.194.208.26 - - [17/Jan/2014:08:38:26 +0800] "GET /static/building.jpg HTTP/1.1" 304 151 "http://www.kanhuiqiu.com/" "Mozilla/5.0 (Windows NT 6.1; WOW64) AppleWebKit/537.36 (KHTML, like Gecko) Chrome/32.0.1700.72 Safari/537.36"
184.22.42.196 - - [17/Jan/2014:10:01:24 +0800] "GET / HTTP/1.0" 200 317 "http://www.kanhuiqiu.com/" "Mozilla/4.0 (compatible)"
106.120.121.146 - - [17/Jan/2014:10:24:29 +0800] "GET / HTTP/1.1" 200 317 "-" "Mozilla/4.0 (compatible; MSIE 8.0; Windows NT 5.1; Trident/4.0; .NET CLR 2.0.50727; .NET CLR 3.0.04506.648; .NET CLR 3.5.21022; InfoPath.2; .NET4.0C; .NET4.0E)"
66.249.74.68 - - [17/Jan/2014:11:39:21 +0800] "GET /robots.txt HTTP/1.1" 404 466 "-" "Mozilla/5.0 (compatible; Googlebot/2.1; +http://www.google.com/bot.html)"
66.249.74.68 - - [17/Jan/2014:11:39:21 +0800] "GET / HTTP/1.1" 200 336 "-" "Mozilla/5.0 (compatible; Googlebot/2.1; +http://www.google.com/bot.html)"
106.120.121.146 - - [17/Jan/2014:12:39:25 +0800] "GET / HTTP/1.1" 200 317 "-" "Mozilla/4.0 (compatible; MSIE 8.0; Windows NT 5.1; Trident/4.0; .NET CLR 2.0.50727; .NET CLR 3.0.04506.648; .NET CLR 3.5.21022; InfoPath.2; .NET4.0C; .NET4.0E)"
106.120.121.146 - - [17/Jan/2014:14:54:34 +0800] "GET / HTTP/1.1" 200 317 "-" "Mozilla/4.0 (compatible; MSIE 8.0; Windows NT 5.1; Trident/4.0; .NET CLR 2.0.50727; .NET CLR 3.0.04506.648; .NET CLR 3.5.21022; InfoPath.2; .NET4.0C; .NET4.0E)"
91.207.5.38 - - [17/Jan/2014:16:11:56 +0800] "GET / HTTP/1.0" 200 317 "kanhuiqiu.com/" "Opera/9.80 (Windows NT 6.1; MRA 6.0 (build 5976)) Presto/2.12.388 Version/12.10"
106.120.121.146 - - [17/Jan/2014:17:11:56 +0800] "GET / HTTP/1.1" 200 317 "-" "Mozilla/4.0 (compatible; MSIE 8.0; Windows NT 5.1; Trident/4.0; .NET CLR 2.0.50727; .NET CLR 3.0.04506.648; .NET CLR 3.5.21022; InfoPath.2; .NET4.0C; .NET4.0E)"
212.33.246.94 - - [17/Jan/2014:17:35:41 +0800] "GET / HTTP/1.1" 200 317 "http://kanhuiqiu.com" "Mozilla/5.0 (Windows NT 6.1; WOW64; rv:7.0.1) Gecko/20100101 Firefox/7.0.1"
212.33.246.94 - - [17/Jan/2014:17:35:42 +0800] "GET /user HTTP/1.1" 404 484 "kanhuiqiu.com" "Mozilla/5.0 (Windows NT 6.1; WOW64; rv:7.0.1) Gecko/20100101 Firefox/7.0.1"
38.100.21.65 - - [18/Jan/2014:08:01:50 +0800] "GET / HTTP/1.1" 200 317 "-" "Mozilla/4.0 (compatible; MSIE 7.0; Windows NT 5.2)"
103.31.200.129 - - [18/Jan/2014:09:10:37 +0800] "GET /static/building.gif HTTP/1.1" 404 499 "-" "Wget/1.9+cvs-stable (Red Hat modified)"
103.31.200.129 - - [18/Jan/2014:09:10:38 +0800] "GET /favicon.ico HTTP/1.1" 404 491 "-" "Wget/1.9+cvs-stable (Red Hat modified)"
118.194.208.26 - - [18/Jan/2014:13:43:50 +0800] "GET / HTTP/1.1" 200 336 "-" "Mozilla/5.0 (Windows NT 6.1; WOW64) AppleWebKit/537.36 (KHTML, like Gecko) Chrome/32.0.1700.76 Safari/537.36"
118.194.208.26 - - [18/Jan/2014:13:43:50 +0800] "GET / HTTP/1.1" 200 336 "-" "Mozilla/5.0 (Windows NT 6.1; WOW64) AppleWebKit/537.36 (KHTML, like Gecko) Chrome/32.0.1700.76 Safari/537.36"
118.194.208.26 - - [18/Jan/2014:13:43:50 +0800] "GET /static/building.jpg HTTP/1.1" 200 8277 "http://www.kanhuiqiu.com/" "Mozilla/5.0 (Windows NT 6.1; WOW64) AppleWebKit/537.36 (KHTML, like Gecko) Chrome/32.0.1700.76 Safari/537.36"
118.194.208.26 - - [18/Jan/2014:13:43:51 +0800] "GET /favicon.ico HTTP/1.1" 404 468 "-" "Mozilla/5.0 (Windows NT 6.1; WOW64) AppleWebKit/537.36 (KHTML, like Gecko) Chrome/32.0.1700.76 Safari/537.36"
118.194.208.26 - - [18/Jan/2014:13:43:53 +0800] "GET /favicon.ico HTTP/1.1" 404 466 "-" "Mozilla/5.0 (Windows NT 6.1; WOW64) AppleWebKit/537.36 (KHTML, like Gecko) Chrome/32.0.1700.76 Safari/537.36"
66.249.74.68 - - [18/Jan/2014:16:45:23 +0800] "GET /robots.txt HTTP/1.1" 404 466 "-" "Mozilla/5.0 (compatible; Googlebot/2.1; +http://www.google.com/bot.html)"
66.249.74.68 - - [18/Jan/2014:16:45:23 +0800] "GET /static/building.jpg HTTP/1.1" 200 8277 "-" "Googlebot-Image/1.0"
66.249.74.119 - - [18/Jan/2014:17:41:47 +0800] "GET /robots.txt HTTP/1.1" 404 469 "-" "Mozilla/5.0 (compatible; Googlebot/2.1; +http://www.google.com/bot.html)"
66.249.74.119 - - [18/Jan/2014:17:41:47 +0800] "GET / HTTP/1.1" 200 336 "-" "Mozilla/5.0 (compatible; Googlebot/2.1; +http://www.google.com/bot.html)"
184.22.42.196 - - [19/Jan/2014:00:58:22 +0800] "GET / HTTP/1.0" 200 317 "http://www.kanhuiqiu.com/" "Mozilla/4.0 (compatible)"
178.255.80.147 - - [19/Jan/2014:16:37:20 +0800] "GET / HTTP/1.1" 200 336 "-" "Comodo Spider 1.2"
23.239.196.71 - - [19/Jan/2014:23:05:19 +0800] "GET / HTTP/1.0" 200 317 "http://www.kanhuiqiu.com/" "Mozilla/4.0 (compatible)"
106.120.121.146 - - [20/Jan/2014:08:13:08 +0800] "GET / HTTP/1.1" 200 317 "-" "Mozilla/4.0 (compatible; MSIE 8.0; Windows NT 5.1; Trident/4.0; .NET CLR 2.0.50727; .NET CLR 3.0.04506.648; .NET CLR 3.5.21022; InfoPath.2; .NET4.0C; .NET4.0E)"
106.120.121.146 - - [20/Jan/2014:10:26:00 +0800] "GET / HTTP/1.1" 200 317 "-" "Mozilla/4.0 (compatible; MSIE 8.0; Windows NT 5.1; Trident/4.0; .NET CLR 2.0.50727; .NET CLR 3.0.04506.648; .NET CLR 3.5.21022; InfoPath.2; .NET4.0C; .NET4.0E)"
66.249.74.68 - - [20/Jan/2014:11:39:23 +0800] "GET /robots.txt HTTP/1.1" 404 466 "-" "Mozilla/5.0 (compatible; Googlebot/2.1; +http://www.google.com/bot.html)"
66.249.74.68 - - [20/Jan/2014:11:39:23 +0800] "GET / HTTP/1.1" 200 336 "-" "Mozilla/5.0 (compatible; Googlebot/2.1; +http://www.google.com/bot.html)"
106.120.121.146 - - [20/Jan/2014:12:40:30 +0800] "GET / HTTP/1.1" 200 317 "-" "Mozilla/4.0 (compatible; MSIE 8.0; Windows NT 5.1; Trident/4.0; .NET CLR 2.0.50727; .NET CLR 3.0.04506.648; .NET CLR 3.5.21022; InfoPath.2; .NET4.0C; .NET4.0E)"
106.120.121.146 - - [20/Jan/2014:14:54:17 +0800] "GET / HTTP/1.1" 200 317 "-" "Mozilla/4.0 (compatible; MSIE 8.0; Windows NT 5.1; Trident/4.0; .NET CLR 2.0.50727; .NET CLR 3.0.04506.648; .NET CLR 3.5.21022; InfoPath.2; .NET4.0C; .NET4.0E)"
106.120.121.146 - - [20/Jan/2014:17:09:26 +0800] "GET / HTTP/1.1" 200 317 "-" "Mozilla/4.0 (compatible; MSIE 8.0; Windows NT 5.1; Trident/4.0; .NET CLR 2.0.50727; .NET CLR 3.0.04506.648; .NET CLR 3.5.21022; InfoPath.2; .NET4.0C; .NET4.0E)"
106.120.121.146 - - [20/Jan/2014:17:39:22 +0800] "GET / HTTP/1.1" 200 317 "-" "Mozilla/4.0 (compatible; MSIE 8.0; Windows NT 5.1; Trident/4.0; .NET CLR 2.0.50727; .NET CLR 3.0.04506.648; .NET CLR 3.5.21022; InfoPath.2; .NET4.0C; .NET4.0E)"
37.57.231.118 - - [20/Jan/2014:22:55:36 +0800] "GET /admin.php HTTP/1.0" 404 489 "-" "Opera/9.80 (Windows NT 6.1; U; ru) Presto/2.8.131 Version/11.10"
37.57.231.118 - - [20/Jan/2014:22:55:37 +0800] "GET /administrator/index.php HTTP/1.0" 404 503 "-" "Opera/9.80 (Windows NT 6.1; U; ru) Presto/2.8.131 Version/11.10"
37.57.231.118 - - [20/Jan/2014:22:55:38 +0800] "GET /wp-login.php HTTP/1.0" 404 492 "-" "Opera/9.80 (Windows NT 6.1; U; ru) Presto/2.8.131 Version/11.10"
103.31.200.134 - - [21/Jan/2014:03:21:39 +0800] "GET / HTTP/1.1" 200 317 "-" "Wget/1.9+cvs-stable (Red Hat modified)"
106.120.121.146 - - [21/Jan/2014:08:22:04 +0800] "GET / HTTP/1.1" 200 317 "-" "Mozilla/4.0 (compatible; MSIE 8.0; Windows NT 5.1; Trident/4.0; .NET CLR 2.0.50727; .NET CLR 3.0.04506.648; .NET CLR 3.5.21022; InfoPath.2; .NET4.0C; .NET4.0E)"
106.120.121.146 - - [21/Jan/2014:10:34:14 +0800] "GET / HTTP/1.1" 200 317 "-" "Mozilla/4.0 (compatible; MSIE 8.0; Windows NT 5.1; Trident/4.0; .NET CLR 2.0.50727; .NET CLR 3.0.04506.648; .NET CLR 3.5.21022; InfoPath.2; .NET4.0C; .NET4.0E)"
106.120.121.146 - - [21/Jan/2014:12:49:22 +0800] "GET / HTTP/1.1" 200 317 "-" "Mozilla/4.0 (compatible; MSIE 8.0; Windows NT 5.1; Trident/4.0; .NET CLR 2.0.50727; .NET CLR 3.0.04506.648; .NET CLR 3.5.21022; InfoPath.2; .NET4.0C; .NET4.0E)"
106.120.121.146 - - [21/Jan/2014:15:05:29 +0800] "GET / HTTP/1.1" 200 317 "-" "Mozilla/4.0 (compatible; MSIE 8.0; Windows NT 5.1; Trident/4.0; .NET CLR 2.0.50727; .NET CLR 3.0.04506.648; .NET CLR 3.5.21022; InfoPath.2; .NET4.0C; .NET4.0E)"
106.120.121.146 - - [21/Jan/2014:15:36:10 +0800] "GET / HTTP/1.1" 200 317 "-" "Mozilla/4.0 (compatible; MSIE 8.0; Windows NT 5.1; Trident/4.0; .NET CLR 2.0.50727; .NET CLR 3.0.04506.648; .NET CLR 3.5.21022; InfoPath.2; .NET4.0C; .NET4.0E)"
66.249.76.39 - - [21/Jan/2014:17:41:49 +0800] "GET /robots.txt HTTP/1.1" 404 469 "-" "Mozilla/5.0 (compatible; Googlebot/2.1; +http://www.google.com/bot.html)"
66.249.76.39 - - [21/Jan/2014:17:41:49 +0800] "GET / HTTP/1.1" 200 336 "-" "Mozilla/5.0 (compatible; Googlebot/2.1; +http://www.google.com/bot.html)"
106.120.121.146 - - [21/Jan/2014:17:50:40 +0800] "GET / HTTP/1.1" 200 317 "-" "Mozilla/4.0 (compatible; MSIE 8.0; Windows NT 5.1; Trident/4.0; .NET CLR 2.0.50727; .NET CLR 3.0.04506.648; .NET CLR 3.5.21022; InfoPath.2; .NET4.0C; .NET4.0E)"
69.58.178.56 - - [22/Jan/2014:00:01:41 +0800] "GET /robots.txt HTTP/1.1" 404 494 "-" "BlackBerry9000/4.6.0.167 Profile/MIDP-2.0 Configuration/CLDC-1.1 VendorID/102 ips-agent"
69.58.178.56 - - [22/Jan/2014:00:01:42 +0800] "GET / HTTP/1.1" 200 317 "-" "BlackBerry9000/4.6.0.167 Profile/MIDP-2.0 Configuration/CLDC-1.1 VendorID/102 ips-agent"
69.58.178.56 - - [22/Jan/2014:00:01:44 +0800] "GET / HTTP/1.1" 200 317 "-" "Mozilla/5.0 (X11; Ubuntu; Linux i686; rv:14.0; ips-agent) Gecko/20100101 Firefox/14.0.1"
106.120.121.146 - - [22/Jan/2014:08:21:41 +0800] "GET / HTTP/1.1" 200 317 "-" "Mozilla/4.0 (compatible; MSIE 8.0; Windows NT 5.1; Trident/4.0; .NET CLR 2.0.50727; .NET CLR 3.0.04506.648; .NET CLR 3.5.21022; InfoPath.2; .NET4.0C; .NET4.0E)"
106.120.121.153 - - [22/Jan/2014:10:04:05 +0800] "GET / HTTP/1.1" 200 317 "-" "Mozilla/5.0 (Windows NT 5.1; rv:22.0) Gecko/20100101 Firefox/22.0"
106.120.121.146 - - [22/Jan/2014:10:37:49 +0800] "GET / HTTP/1.1" 200 317 "-" "Mozilla/4.0 (compatible; MSIE 8.0; Windows NT 5.1; Trident/4.0; .NET CLR 2.0.50727; .NET CLR 3.0.04506.648; .NET CLR 3.5.21022; InfoPath.2; .NET4.0C; .NET4.0E)"
106.120.121.153 - - [22/Jan/2014:11:28:55 +0800] "GET / HTTP/1.1" 200 317 "-" "Mozilla/5.0 (Windows NT 5.1; rv:22.0) Gecko/20100101 Firefox/22.0"
106.120.121.153 - - [22/Jan/2014:12:51:07 +0800] "GET / HTTP/1.1" 200 317 "-" "Mozilla/5.0 (Windows NT 5.1; rv:22.0) Gecko/20100101 Firefox/22.0"
106.120.121.146 - - [22/Jan/2014:12:52:20 +0800] "GET / HTTP/1.1" 200 317 "-" "Mozilla/4.0 (compatible; MSIE 8.0; Windows NT 5.1; Trident/4.0; .NET CLR 2.0.50727; .NET CLR 3.0.04506.648; .NET CLR 3.5.21022; InfoPath.2; .NET4.0C; .NET4.0E)"
106.120.121.153 - - [22/Jan/2014:14:16:45 +0800] "GET / HTTP/1.1" 200 317 "-" "Mozilla/5.0 (Windows NT 5.1; rv:22.0) Gecko/20100101 Firefox/22.0"
106.120.121.153 - - [22/Jan/2014:14:49:58 +0800] "GET / HTTP/1.1" 200 317 "-" "Mozilla/5.0 (Windows NT 5.1; rv:22.0) Gecko/20100101 Firefox/22.0"
106.120.121.146 - - [22/Jan/2014:15:05:19 +0800] "GET / HTTP/1.1" 200 317 "-" "Mozilla/4.0 (compatible; MSIE 8.0; Windows NT 5.1; Trident/4.0; .NET CLR 2.0.50727; .NET CLR 3.0.04506.648; .NET CLR 3.5.21022; InfoPath.2; .NET4.0C; .NET4.0E)"
106.120.121.146 - - [22/Jan/2014:17:15:37 +0800] "GET / HTTP/1.1" 200 317 "-" "Mozilla/4.0 (compatible; MSIE 8.0; Windows NT 5.1; Trident/4.0; .NET CLR 2.0.50727; .NET CLR 3.0.04506.648; .NET CLR 3.5.21022; InfoPath.2; .NET4.0C; .NET4.0E)"
103.31.200.129 - - [23/Jan/2014:08:05:41 +0800] "GET /static/building.jpg HTTP/1.1" 200 8277 "-" "Wget/1.9+cvs-stable (Red Hat modified)"
106.120.121.146 - - [23/Jan/2014:08:14:41 +0800] "GET / HTTP/1.1" 200 317 "-" "Mozilla/4.0 (compatible; MSIE 8.0; Windows NT 5.1; Trident/4.0; .NET CLR 2.0.50727; .NET CLR 3.0.04506.648; .NET CLR 3.5.21022; InfoPath.2; .NET4.0C; .NET4.0E)"
106.120.121.153 - - [23/Jan/2014:08:59:00 +0800] "GET / HTTP/1.1" 200 317 "-" "Mozilla/5.0 (Windows NT 5.1; rv:22.0) Gecko/20100101 Firefox/22.0"
106.120.121.153 - - [23/Jan/2014:09:46:06 +0800] "GET / HTTP/1.1" 200 317 "-" "Mozilla/5.0 (Windows NT 5.1; rv:22.0) Gecko/20100101 Firefox/22.0"
106.120.121.153 - - [23/Jan/2014:10:23:40 +0800] "GET / HTTP/1.1" 200 317 "-" "Mozilla/5.0 (Windows NT 5.1; rv:22.0) Gecko/20100101 Firefox/22.0"
106.120.121.146 - - [23/Jan/2014:10:24:11 +0800] "GET / HTTP/1.1" 200 317 "-" "Mozilla/4.0 (compatible; MSIE 8.0; Windows NT 5.1; Trident/4.0; .NET CLR 2.0.50727; .NET CLR 3.0.04506.648; .NET CLR 3.5.21022; InfoPath.2; .NET4.0C; .NET4.0E)"
106.120.121.153 - - [23/Jan/2014:11:19:53 +0800] "GET / HTTP/1.1" 200 317 "-" "Mozilla/5.0 (Windows NT 5.1; rv:22.0) Gecko/20100101 Firefox/22.0"
66.249.74.68 - - [23/Jan/2014:11:39:24 +0800] "GET /robots.txt HTTP/1.1" 404 466 "-" "Mozilla/5.0 (compatible; Googlebot/2.1; +http://www.google.com/bot.html)"
66.249.74.68 - - [23/Jan/2014:11:39:24 +0800] "GET / HTTP/1.1" 200 336 "-" "Mozilla/5.0 (compatible; Googlebot/2.1; +http://www.google.com/bot.html)"
128.73.60.194 - - [23/Jan/2014:12:25:17 +0800] "GET /components/com_content/router.php HTTP/1.0" 404 513 "-" "Mozilla/4.0 (compatible; MSIE 6.0; Windows NT 5.1)"
106.120.121.146 - - [23/Jan/2014:12:44:19 +0800] "GET / HTTP/1.1" 200 317 "-" "Mozilla/4.0 (compatible; MSIE 8.0; Windows NT 5.1; Trident/4.0; .NET CLR 2.0.50727; .NET CLR 3.0.04506.648; .NET CLR 3.5.21022; InfoPath.2; .NET4.0C; .NET4.0E)"
106.120.121.153 - - [23/Jan/2014:12:53:30 +0800] "GET / HTTP/1.1" 200 317 "-" "Mozilla/5.0 (Windows NT 5.1; rv:22.0) Gecko/20100101 Firefox/22.0"
106.120.121.153 - - [23/Jan/2014:13:15:58 +0800] "GET / HTTP/1.1" 200 317 "-" "Mozilla/5.0 (Windows NT 5.1; rv:22.0) Gecko/20100101 Firefox/22.0"
106.120.121.153 - - [23/Jan/2014:14:41:49 +0800] "GET / HTTP/1.1" 200 317 "-" "Mozilla/5.0 (Windows NT 5.1; rv:22.0) Gecko/20100101 Firefox/22.0"
106.120.121.146 - - [23/Jan/2014:14:58:01 +0800] "GET / HTTP/1.1" 200 317 "-" "Mozilla/4.0 (compatible; MSIE 8.0; Windows NT 5.1; Trident/4.0; .NET CLR 2.0.50727; .NET CLR 3.0.04506.648; .NET CLR 3.5.21022; InfoPath.2; .NET4.0C; .NET4.0E)"
106.120.121.153 - - [23/Jan/2014:15:18:20 +0800] "GET / HTTP/1.1" 200 317 "-" "Mozilla/5.0 (Windows NT 5.1; rv:22.0) Gecko/20100101 Firefox/22.0"
106.120.121.153 - - [23/Jan/2014:16:29:59 +0800] "GET / HTTP/1.1" 200 317 "-" "Mozilla/5.0 (Windows NT 5.1; rv:22.0) Gecko/20100101 Firefox/22.0"
106.120.121.153 - - [23/Jan/2014:16:59:34 +0800] "GET / HTTP/1.1" 200 317 "-" "Mozilla/5.0 (Windows NT 5.1; rv:22.0) Gecko/20100101 Firefox/22.0"
106.120.121.146 - - [23/Jan/2014:17:19:09 +0800] "GET / HTTP/1.1" 200 317 "-" "Mozilla/4.0 (compatible; MSIE 8.0; Windows NT 5.1; Trident/4.0; .NET CLR 2.0.50727; .NET CLR 3.0.04506.648; .NET CLR 3.5.21022; InfoPath.2; .NET4.0C; .NET4.0E)"
91.144.241.254 - - [24/Jan/2014:03:28:04 +0800] "GET / HTTP/1.1" 200 317 "http://kanhuiqiu.com/" "Mozilla/5.0 (Macintosh; Intel Mac OS X 10.8; rv:22.0) Gecko/20100101 Firefox/22.0"
91.144.241.254 - - [24/Jan/2014:03:28:10 +0800] "GET /wordpress HTTP/1.1" 404 489 "http://kanhuiqiu.com/wordpress" "Mozilla/5.0 (Macintosh; Intel Mac OS X 10.8; rv:22.0) Gecko/20100101 Firefox/22.0"
91.144.241.254 - - [24/Jan/2014:03:28:23 +0800] "GET /wp HTTP/1.1" 404 482 "http://kanhuiqiu.com/wp" "Mozilla/5.0 (Macintosh; Intel Mac OS X 10.8; rv:22.0) Gecko/20100101 Firefox/22.0"
91.144.241.254 - - [24/Jan/2014:03:28:33 +0800] "GET /joomla HTTP/1.1" 404 486 "http://kanhuiqiu.com/joomla" "Mozilla/5.0 (Macintosh; Intel Mac OS X 10.8; rv:22.0) Gecko/20100101 Firefox/22.0"
91.144.241.254 - - [24/Jan/2014:03:28:40 +0800] "GET /drupal HTTP/1.1" 404 486 "http://kanhuiqiu.com/drupal" "Mozilla/5.0 (Macintosh; Intel Mac OS X 10.8; rv:22.0) Gecko/20100101 Firefox/22.0"
91.144.241.254 - - [24/Jan/2014:03:28:44 +0800] "GET /blog HTTP/1.1" 404 484 "http://kanhuiqiu.com/blog" "Mozilla/5.0 (Macintosh; Intel Mac OS X 10.8; rv:22.0) Gecko/20100101 Firefox/22.0"
106.120.121.146 - - [24/Jan/2014:08:13:34 +0800] "GET / HTTP/1.1" 200 317 "-" "Mozilla/4.0 (compatible; MSIE 8.0; Windows NT 5.1; Trident/4.0; .NET CLR 2.0.50727; .NET CLR 3.0.04506.648; .NET CLR 3.5.21022; InfoPath.2; .NET4.0C; .NET4.0E)"
106.120.121.153 - - [24/Jan/2014:08:39:19 +0800] "GET / HTTP/1.1" 200 317 "-" "Mozilla/5.0 (Windows NT 5.1; rv:22.0) Gecko/20100101 Firefox/22.0"
106.120.121.153 - - [24/Jan/2014:09:42:09 +0800] "GET / HTTP/1.1" 200 317 "-" "Mozilla/5.0 (Windows NT 5.1; rv:22.0) Gecko/20100101 Firefox/22.0"
106.120.121.153 - - [24/Jan/2014:10:26:12 +0800] "GET / HTTP/1.1" 200 317 "-" "Mozilla/5.0 (Windows NT 5.1; rv:22.0) Gecko/20100101 Firefox/22.0"
106.120.121.146 - - [24/Jan/2014:10:32:20 +0800] "GET / HTTP/1.1" 200 317 "-" "Mozilla/4.0 (compatible; MSIE 8.0; Windows NT 5.1; Trident/4.0; .NET CLR 2.0.50727; .NET CLR 3.0.04506.648; .NET CLR 3.5.21022; InfoPath.2; .NET4.0C; .NET4.0E)"
106.120.121.153 - - [24/Jan/2014:12:04:47 +0800] "GET / HTTP/1.1" 200 317 "-" "Mozilla/5.0 (Windows NT 5.1; rv:22.0) Gecko/20100101 Firefox/22.0"
106.120.121.153 - - [24/Jan/2014:12:19:08 +0800] "GET / HTTP/1.1" 200 317 "-" "Mozilla/5.0 (Windows NT 5.1; rv:22.0) Gecko/20100101 Firefox/22.0"
103.31.200.129 - - [24/Jan/2014:12:35:36 +0800] "GET /static/building.gif HTTP/1.1" 404 499 "-" "Wget/1.9+cvs-stable (Red Hat modified)"
103.31.200.129 - - [24/Jan/2014:12:35:36 +0800] "GET /favicon.ico HTTP/1.1" 404 491 "-" "Wget/1.9+cvs-stable (Red Hat modified)"
106.120.121.146 - - [24/Jan/2014:12:54:05 +0800] "GET / HTTP/1.1" 200 317 "-" "Mozilla/4.0 (compatible; MSIE 8.0; Windows NT 5.1; Trident/4.0; .NET CLR 2.0.50727; .NET CLR 3.0.04506.648; .NET CLR 3.5.21022; InfoPath.2; .NET4.0C; .NET4.0E)"
106.120.121.153 - - [24/Jan/2014:13:39:58 +0800] "GET / HTTP/1.1" 200 317 "-" "Mozilla/5.0 (Windows NT 5.1; rv:22.0) Gecko/20100101 Firefox/22.0"
106.120.121.153 - - [24/Jan/2014:14:24:33 +0800] "GET / HTTP/1.1" 200 317 "-" "Mozilla/5.0 (Windows NT 5.1; rv:22.0) Gecko/20100101 Firefox/22.0"
106.120.121.146 - - [24/Jan/2014:15:15:48 +0800] "GET / HTTP/1.1" 200 317 "-" "Mozilla/4.0 (compatible; MSIE 8.0; Windows NT 5.1; Trident/4.0; .NET CLR 2.0.50727; .NET CLR 3.0.04506.648; .NET CLR 3.5.21022; InfoPath.2; .NET4.0C; .NET4.0E)"
106.120.121.153 - - [24/Jan/2014:15:22:41 +0800] "GET / HTTP/1.1" 200 317 "-" "Mozilla/5.0 (Windows NT 5.1; rv:22.0) Gecko/20100101 Firefox/22.0"
106.120.121.146 - - [24/Jan/2014:17:30:22 +0800] "GET / HTTP/1.1" 200 317 "-" "Mozilla/4.0 (compatible; MSIE 8.0; Windows NT 5.1; Trident/4.0; .NET CLR 2.0.50727; .NET CLR 3.0.04506.648; .NET CLR 3.5.21022; InfoPath.2; .NET4.0C; .NET4.0E)"
66.249.73.39 - - [24/Jan/2014:17:41:50 +0800] "GET /robots.txt HTTP/1.1" 404 469 "-" "Mozilla/5.0 (compatible; Googlebot/2.1; +http://www.google.com/bot.html)"
66.249.73.39 - - [24/Jan/2014:17:41:51 +0800] "GET / HTTP/1.1" 200 336 "-" "Mozilla/5.0 (compatible; Googlebot/2.1; +http://www.google.com/bot.html)"
191.235.137.27 - - [25/Jan/2014:00:17:56 +0800] "GET / HTTP/1.0" 200 317 "-" "Mozilla/4.0 (compatible; MSIE 6.0; Windows NT 5.1)"
208.43.251.182 - - [25/Jan/2014:18:12:48 +0800] "GET / HTTP/1.1" 200 317 "-" "Mozilla/4.0 (compatible; MSIE 8.0; Windows NT 5.1; Trident/4.0;"
208.43.251.182 - - [25/Jan/2014:18:12:49 +0800] "GET / HTTP/1.1" 200 317 "-" "Mozilla/4.0 (compatible; MSIE 8.0; Windows NT 5.1; Trident/4.0;"
157.55.32.112 - - [26/Jan/2014:10:52:10 +0800] "GET /robots.txt HTTP/1.1" 404 490 "-" "Mozilla/5.0 (compatible; bingbot/2.0; +http://www.bing.com/bingbot.htm)"
157.55.32.112 - - [26/Jan/2014:11:33:07 +0800] "GET / HTTP/1.1" 200 336 "-" "Mozilla/5.0 (compatible; bingbot/2.0; +http://www.bing.com/bingbot.htm)"
66.249.77.69 - - [26/Jan/2014:11:39:25 +0800] "GET /robots.txt HTTP/1.1" 404 466 "-" "Mozilla/5.0 (compatible; Googlebot/2.1; +http://www.google.com/bot.html)"
66.249.77.69 - - [26/Jan/2014:11:39:25 +0800] "GET / HTTP/1.1" 200 336 "-" "Mozilla/5.0 (compatible; Googlebot/2.1; +http://www.google.com/bot.html)"
5.45.72.16 - - [26/Jan/2014:12:24:14 +0800] "GET /components/com_content/router.php HTTP/1.0" 404 513 "-" "Mozilla/4.0 (compatible; MSIE 6.0; Windows NT 5.1)"
203.218.166.82 - - [26/Jan/2014:17:00:27 +0800] "GET /wp-login.php HTTP/1.0" 404 492 "-" "Mozilla/5.0 (Windows NT 6.1; rv:19.0) Gecko/20100101 Firefox/19.0"
203.218.166.82 - - [26/Jan/2014:17:00:27 +0800] "GET /administrator/index.php HTTP/1.0" 404 503 "-" "Mozilla/5.0 (Windows NT 6.1; rv:19.0) Gecko/20100101 Firefox/19.0"
203.218.166.82 - - [26/Jan/2014:17:00:27 +0800] "GET /admin.php HTTP/1.0" 404 489 "-" "Mozilla/5.0 (Windows NT 6.1; rv:19.0) Gecko/20100101 Firefox/19.0"
117.136.7.148 - - [26/Jan/2014:23:03:02 +0800] "GET / HTTP/1.1" 200 336 "-" "Mozilla/5.0 (iPhone; CPU iPhone OS 7_0_4 like Mac OS X) AppleWebKit/537.51.1 (KHTML, like Gecko) Version/7.0 Mobile/11B554a Safari/9537.53"
117.136.7.148 - - [26/Jan/2014:23:03:03 +0800] "GET /static/building.jpg HTTP/1.1" 200 8277 "http://kanhuiqiu.com/" "Mozilla/5.0 (iPhone; CPU iPhone OS 7_0_4 like Mac OS X) AppleWebKit/537.51.1 (KHTML, like Gecko) Version/7.0 Mobile/11B554a Safari/9537.53"
66.249.74.119 - - [27/Jan/2014:17:41:52 +0800] "GET /robots.txt HTTP/1.1" 404 469 "-" "Mozilla/5.0 (compatible; Googlebot/2.1; +http://www.google.com/bot.html)"
66.249.74.119 - - [27/Jan/2014:17:41:52 +0800] "GET / HTTP/1.1" 200 336 "-" "Mozilla/5.0 (compatible; Googlebot/2.1; +http://www.google.com/bot.html)"
216.104.160.71 - - [29/Jan/2014:17:10:06 +0800] "GET / HTTP/1.1" 200 317 "-" "Mozilla/5.0 (Windows NT 5.1; rv:21.0) Gecko/20100101 Firefox/21.0"
107.170.24.163 - - [29/Jan/2014:19:28:39 +0800] "GET / HTTP/1.1" 200 336 "-" "Comodo Spider 1.2"
95.85.53.125 - - [30/Jan/2014:00:08:20 +0800] "GET / HTTP/1.1" 200 336 "-" "Comodo Spider 1.2"
64.246.165.170 - - [30/Jan/2014:01:25:23 +0800] "GET /robots.txt HTTP/1.0" 404 494 "-" "Mozilla/5.0 (Windows; U; Windows NT 5.1; en; rv:1.9.0.13) Gecko/2009073022 Firefox/3.5.2 (.NET CLR 3.5.30729) SurveyBot/2.3 (DomainTools)"
64.246.165.170 - - [30/Jan/2014:01:25:23 +0800] "GET / HTTP/1.1" 200 336 "http://whois.domaintools.com/kanhuiqiu.com" "Mozilla/5.0 (Windows; U; Windows NT 5.1; en; rv:1.9.0.13) Gecko/2009073022 Firefox/3.5.2 (.NET CLR 3.5.30729) SurveyBot/2.3 (DomainTools)"
2.93.88.250 - - [30/Jan/2014:02:34:13 +0800] "GET /administrator HTTP/1.0" 404 493 "-" "Mozilla/4.0 (compatible; MSIE 6.0; Windows NT 5.1)"
4.53.51.200 - - [30/Jan/2014:04:53:26 +0800] "GET / HTTP/1.1" 200 336 "-" "classbot (+http://allclasses.com)"
92.241.245.126 - - [30/Jan/2014:06:07:22 +0800] "GET / HTTP/1.1" 200 317 "-" "Mozilla/5.0 (X11; Ubuntu; Linux x86_64; rv:11.0) Gecko/20100101 Firefox/11.0"
23.239.196.71 - - [31/Jan/2014:04:47:58 +0800] "GET / HTTP/1.0" 200 317 "http://www.kanhuiqiu.com/" "Mozilla/4.0 (compatible)"
208.77.221.210 - - [02/Feb/2014:14:13:22 +0800] "GET / HTTP/1.0" 200 317 "-" "CatchBot/2.0; +http://www.catchbot.com"
