96.227.124.38 - - [02/Feb/2014:18:57:46 +0800] "GET / HTTP/1.1" 200 317 "-" "Mozilla/4.0 (compatible; MSIE 6.0; Windows NT 5.1; SV1; .NET CLR 1.1.4322)"
182.236.163.238 - - [05/Feb/2014:03:02:59 +0800] "GET / HTTP/1.0" 200 317 "http://www.kanhuiqiu.com/" "Mozilla/4.0 (compatible)"
188.40.249.74 - - [05/Feb/2014:09:48:08 +0800] "GET / HTTP/1.0" 200 317 "-" "Mozilla/4.0 (compatible; MSIE 6.0; Windows NT 5.1)"
50.7.165.162 - - [05/Feb/2014:13:47:12 +0800] "GET /phpMyAdmin/scripts/setup.php HTTP/1.1" 404 508 "http://kanhuiqiu.com/phpMyAdmin/scripts/setup.php" "Mozilla/4.0 (compatible; MSIE 8.0; Windows NT 5.1; SV1; .NET CLR 2.0.50727)"
50.7.165.162 - - [05/Feb/2014:13:47:12 +0800] "GET /myadmin/scripts/setup.php HTTP/1.1" 404 505 "http://kanhuiqiu.com/myadmin/scripts/setup.php" "Mozilla/4.0 (compatible; MSIE 8.0; Windows NT 5.1; SV1; .NET CLR 2.0.50727)"
50.7.165.162 - - [05/Feb/2014:13:47:13 +0800] "GET /pma/scripts/setup.php HTTP/1.1" 404 501 "http://kanhuiqiu.com/pma/scripts/setup.php" "Mozilla/4.0 (compatible; MSIE 8.0; Windows NT 5.1; SV1; .NET CLR 2.0.50727)"
107.170.25.234 - - [05/Feb/2014:21:40:55 +0800] "HEAD / HTTP/1.1" 200 190 "http://www.netcraft.com/survey/" "Mozilla/4.0 (compatible; Netcraft Web Server Survey)"
66.249.64.37 - - [05/Feb/2014:23:35:26 +0800] "GET /robots.txt HTTP/1.1" 404 466 "-" "Mozilla/5.0 (compatible; Googlebot/2.1; +http://www.google.com/bot.html)"
66.249.64.36 - - [05/Feb/2014:23:35:27 +0800] "GET / HTTP/1.1" 200 336 "-" "Mozilla/5.0 (compatible; Googlebot/2.1; +http://www.google.com/bot.html)"
106.120.121.156 - - [07/Feb/2014:08:08:31 +0800] "GET / HTTP/1.1" 200 317 "-" "Mozilla/4.0 (compatible; MSIE 8.0; Windows NT 5.1; Trident/4.0; .NET CLR 2.0.50727; .NET CLR 3.0.04506.648; .NET CLR 3.5.21022; InfoPath.2; .NET4.0C; .NET4.0E)"
106.120.121.146 - - [07/Feb/2014:09:25:16 +0800] "GET / HTTP/1.1" 200 317 "-" "Mozilla/5.0 (Windows NT 5.1; rv:22.0) Gecko/20100101 Firefox/22.0"
106.120.121.146 - - [07/Feb/2014:09:41:00 +0800] "GET / HTTP/1.1" 200 317 "-" "Mozilla/5.0 (Windows NT 5.1; rv:22.0) Gecko/20100101 Firefox/22.0"
106.120.121.156 - - [07/Feb/2014:10:19:28 +0800] "GET / HTTP/1.1" 200 317 "-" "Mozilla/4.0 (compatible; MSIE 8.0; Windows NT 5.1; Trident/4.0; .NET CLR 2.0.50727; .NET CLR 3.0.04506.648; .NET CLR 3.5.21022; InfoPath.2; .NET4.0C; .NET4.0E)"
106.120.121.146 - - [07/Feb/2014:10:31:08 +0800] "GET / HTTP/1.1" 200 317 "-" "Mozilla/5.0 (Windows NT 5.1; rv:22.0) Gecko/20100101 Firefox/22.0"
106.120.121.146 - - [07/Feb/2014:11:47:48 +0800] "GET / HTTP/1.1" 200 317 "-" "Mozilla/5.0 (Windows NT 5.1; rv:22.0) Gecko/20100101 Firefox/22.0"
106.120.121.156 - - [07/Feb/2014:12:38:39 +0800] "GET / HTTP/1.1" 200 317 "-" "Mozilla/4.0 (compatible; MSIE 8.0; Windows NT 5.1; Trident/4.0; .NET CLR 2.0.50727; .NET CLR 3.0.04506.648; .NET CLR 3.5.21022; InfoPath.2; .NET4.0C; .NET4.0E)"
106.120.121.146 - - [07/Feb/2014:12:44:08 +0800] "GET / HTTP/1.1" 200 317 "-" "Mozilla/5.0 (Windows NT 5.1; rv:22.0) Gecko/20100101 Firefox/22.0"
106.120.121.146 - - [07/Feb/2014:13:19:20 +0800] "GET / HTTP/1.1" 200 317 "-" "Mozilla/5.0 (Windows NT 5.1; rv:22.0) Gecko/20100101 Firefox/22.0"
106.120.121.146 - - [07/Feb/2014:14:05:44 +0800] "GET / HTTP/1.1" 200 317 "-" "Mozilla/5.0 (Windows NT 5.1; rv:22.0) Gecko/20100101 Firefox/22.0"
106.120.121.156 - - [07/Feb/2014:14:56:40 +0800] "GET / HTTP/1.1" 200 317 "-" "Mozilla/4.0 (compatible; MSIE 8.0; Windows NT 5.1; Trident/4.0; .NET CLR 2.0.50727; .NET CLR 3.0.04506.648; .NET CLR 3.5.21022; InfoPath.2; .NET4.0C; .NET4.0E)"
106.120.121.146 - - [07/Feb/2014:14:59:48 +0800] "GET / HTTP/1.1" 200 317 "-" "Mozilla/5.0 (Windows NT 5.1; rv:22.0) Gecko/20100101 Firefox/22.0"
106.120.121.146 - - [07/Feb/2014:15:55:43 +0800] "GET / HTTP/1.1" 200 317 "-" "Mozilla/5.0 (Windows NT 5.1; rv:22.0) Gecko/20100101 Firefox/22.0"
106.120.121.156 - - [07/Feb/2014:17:15:03 +0800] "GET / HTTP/1.1" 200 317 "-" "Mozilla/4.0 (compatible; MSIE 8.0; Windows NT 5.1; Trident/4.0; .NET CLR 2.0.50727; .NET CLR 3.0.04506.648; .NET CLR 3.5.21022; InfoPath.2; .NET4.0C; .NET4.0E)"
106.120.121.156 - - [08/Feb/2014:08:16:24 +0800] "GET / HTTP/1.1" 200 317 "-" "Mozilla/4.0 (compatible; MSIE 8.0; Windows NT 5.1; Trident/4.0; .NET CLR 2.0.50727; .NET CLR 3.0.04506.648; .NET CLR 3.5.21022; InfoPath.2; .NET4.0C; .NET4.0E)"
106.120.121.146 - - [08/Feb/2014:08:30:12 +0800] "GET / HTTP/1.1" 200 317 "-" "Mozilla/5.0 (Windows NT 5.1; rv:22.0) Gecko/20100101 Firefox/22.0"
106.120.121.156 - - [08/Feb/2014:10:33:15 +0800] "GET / HTTP/1.1" 200 317 "-" "Mozilla/4.0 (compatible; MSIE 8.0; Windows NT 5.1; Trident/4.0; .NET CLR 2.0.50727; .NET CLR 3.0.04506.648; .NET CLR 3.5.21022; InfoPath.2; .NET4.0C; .NET4.0E)"
106.120.121.156 - - [08/Feb/2014:12:50:32 +0800] "GET / HTTP/1.1" 200 317 "-" "Mozilla/4.0 (compatible; MSIE 8.0; Windows NT 5.1; Trident/4.0; .NET CLR 2.0.50727; .NET CLR 3.0.04506.648; .NET CLR 3.5.21022; InfoPath.2; .NET4.0C; .NET4.0E)"
66.249.77.212 - - [08/Feb/2014:13:31:45 +0800] "GET /robots.txt HTTP/1.1" 404 469 "-" "Mozilla/5.0 (compatible; Googlebot/2.1; +http://www.google.com/bot.html)"
66.249.77.212 - - [08/Feb/2014:13:31:46 +0800] "GET / HTTP/1.1" 200 336 "-" "Mozilla/5.0 (compatible; Googlebot/2.1; +http://www.google.com/bot.html)"
106.120.121.156 - - [08/Feb/2014:14:57:26 +0800] "GET / HTTP/1.1" 200 317 "-" "Mozilla/4.0 (compatible; MSIE 8.0; Windows NT 5.1; Trident/4.0; .NET CLR 2.0.50727; .NET CLR 3.0.04506.648; .NET CLR 3.5.21022; InfoPath.2; .NET4.0C; .NET4.0E)"
106.120.121.156 - - [08/Feb/2014:17:19:04 +0800] "GET / HTTP/1.1" 200 317 "-" "Mozilla/4.0 (compatible; MSIE 8.0; Windows NT 5.1; Trident/4.0; .NET CLR 2.0.50727; .NET CLR 3.0.04506.648; .NET CLR 3.5.21022; InfoPath.2; .NET4.0C; .NET4.0E)"
66.249.74.167 - - [09/Feb/2014:02:57:11 +0800] "GET /robots.txt HTTP/1.1" 404 469 "-" "Mozilla/5.0 (compatible; Googlebot/2.1; +http://www.google.com/bot.html)"
192.241.161.20 - - [09/Feb/2014:04:03:47 +0800] "GET / HTTP/1.0" 200 317 "-" "Mozilla/5.0 (compatible; NetcraftSurveyAgent/1.0; +info@netcraft.com)"
118.194.208.39 - - [09/Feb/2014:14:05:30 +0800] "GET / HTTP/1.1" 200 336 "-" "Mozilla/5.0 (Windows NT 6.1; WOW64) AppleWebKit/537.36 (KHTML, like Gecko) Chrome/32.0.1700.107 Safari/537.36"
118.194.208.39 - - [09/Feb/2014:14:05:30 +0800] "GET /static/building.jpg HTTP/1.1" 200 8277 "http://kanhuiqiu.com/" "Mozilla/5.0 (Windows NT 6.1; WOW64) AppleWebKit/537.36 (KHTML, like Gecko) Chrome/32.0.1700.107 Safari/537.36"
118.194.208.39 - - [09/Feb/2014:14:05:31 +0800] "GET /favicon.ico HTTP/1.1" 404 466 "-" "Mozilla/5.0 (Windows NT 6.1; WOW64) AppleWebKit/537.36 (KHTML, like Gecko) Chrome/32.0.1700.107 Safari/537.36"
106.120.121.156 - - [10/Feb/2014:08:06:44 +0800] "GET / HTTP/1.1" 200 317 "-" "Mozilla/4.0 (compatible; MSIE 8.0; Windows NT 5.1; Trident/4.0; .NET CLR 2.0.50727; .NET CLR 3.0.04506.648; .NET CLR 3.5.21022; InfoPath.2; .NET4.0C; .NET4.0E)"
106.120.121.156 - - [10/Feb/2014:10:22:15 +0800] "GET / HTTP/1.1" 200 317 "-" "Mozilla/4.0 (compatible; MSIE 8.0; Windows NT 5.1; Trident/4.0; .NET CLR 2.0.50727; .NET CLR 3.0.04506.648; .NET CLR 3.5.21022; InfoPath.2; .NET4.0C; .NET4.0E)"
122.173.248.196 - - [10/Feb/2014:11:58:07 +0800] "GET /wordpress/wp-admin/ HTTP/1.1" 404 470 "-" "Mozilla/5.0 (compatible; MSIE 10.0; Windows NT 6.1; Trident/6.0)"
122.173.248.196 - - [10/Feb/2014:11:58:08 +0800] "GET /blog/wp-admin/ HTTP/1.1" 404 469 "-" "Mozilla/5.0 (Windows NT 6.2; Win64; x64; rv:16.0.1) Gecko/20121011 Firefox/16.0.1"
106.120.121.156 - - [10/Feb/2014:12:40:37 +0800] "GET / HTTP/1.1" 200 317 "-" "Mozilla/4.0 (compatible; MSIE 8.0; Windows NT 5.1; Trident/4.0; .NET CLR 2.0.50727; .NET CLR 3.0.04506.648; .NET CLR 3.5.21022; InfoPath.2; .NET4.0C; .NET4.0E)"
208.43.225.84 - - [10/Feb/2014:13:03:39 +0800] "GET /robots.txt HTTP/1.1" 404 469 "-" "Mozilla/5.0 (compatible; SiteExplorer/1.0b; +http://siteexplorer.info/)"
208.43.225.84 - - [10/Feb/2014:13:03:43 +0800] "GET / HTTP/1.1" 200 336 "-" "Mozilla/5.0 (compatible; SiteExplorer/1.0b; +http://siteexplorer.info/)"
106.120.121.156 - - [10/Feb/2014:15:00:23 +0800] "GET / HTTP/1.1" 200 317 "-" "Mozilla/4.0 (compatible; MSIE 8.0; Windows NT 5.1; Trident/4.0; .NET CLR 2.0.50727; .NET CLR 3.0.04506.648; .NET CLR 3.5.21022; InfoPath.2; .NET4.0C; .NET4.0E)"
106.120.121.156 - - [10/Feb/2014:17:16:15 +0800] "GET / HTTP/1.1" 200 317 "-" "Mozilla/4.0 (compatible; MSIE 8.0; Windows NT 5.1; Trident/4.0; .NET CLR 2.0.50727; .NET CLR 3.0.04506.648; .NET CLR 3.5.21022; InfoPath.2; .NET4.0C; .NET4.0E)"
5.56.63.74 - - [11/Feb/2014:05:39:05 +0800] "GET / HTTP/1.1" 200 336 "http://kanhui.com" "CATExplorador/1.0beta (sistemes at domini dot cat; http://domini.cat/catexplorador.html)"
46.4.48.68 - - [11/Feb/2014:06:07:51 +0800] "GET /robots.txt HTTP/1.1" 404 466 "http://kanhuiqiu.com/robots.txt" "Mozilla/5.0 (Windows NT 6.1; WOW64; rv:25.0) Gecko/20100101 Firefox/25.0"
106.120.121.156 - - [11/Feb/2014:08:15:28 +0800] "GET / HTTP/1.1" 200 317 "-" "Mozilla/4.0 (compatible; MSIE 8.0; Windows NT 5.1; Trident/4.0; .NET CLR 2.0.50727; .NET CLR 3.0.04506.648; .NET CLR 3.5.21022; InfoPath.2; .NET4.0C; .NET4.0E)"
42.121.65.51 - - [11/Feb/2014:08:56:32 +0800] "GET / HTTP/1.0" 200 317 "-" "-"
106.120.121.156 - - [11/Feb/2014:10:30:11 +0800] "GET / HTTP/1.1" 200 317 "-" "Mozilla/4.0 (compatible; MSIE 8.0; Windows NT 5.1; Trident/4.0; .NET CLR 2.0.50727; .NET CLR 3.0.04506.648; .NET CLR 3.5.21022; InfoPath.2; .NET4.0C; .NET4.0E)"
106.120.121.156 - - [11/Feb/2014:11:24:36 +0800] "GET / HTTP/1.1" 200 317 "-" "Mozilla/4.0 (compatible; MSIE 8.0; Windows NT 5.1; Trident/4.0; .NET CLR 2.0.50727; .NET CLR 3.0.04506.648; .NET CLR 3.5.21022; InfoPath.2; .NET4.0C; .NET4.0E)"
23.239.196.71 - - [11/Feb/2014:12:28:38 +0800] "GET / HTTP/1.0" 200 317 "http://www.kanhuiqiu.com/" "Mozilla/4.0 (compatible)"
106.120.121.156 - - [11/Feb/2014:13:39:00 +0800] "GET / HTTP/1.1" 200 317 "-" "Mozilla/4.0 (compatible; MSIE 8.0; Windows NT 5.1; Trident/4.0; .NET CLR 2.0.50727; .NET CLR 3.0.04506.648; .NET CLR 3.5.21022; InfoPath.2; .NET4.0C; .NET4.0E)"
106.120.121.156 - - [11/Feb/2014:15:55:43 +0800] "GET / HTTP/1.1" 200 317 "-" "Mozilla/4.0 (compatible; MSIE 8.0; Windows NT 5.1; Trident/4.0; .NET CLR 2.0.50727; .NET CLR 3.0.04506.648; .NET CLR 3.5.21022; InfoPath.2; .NET4.0C; .NET4.0E)"
64.246.178.34 - - [12/Feb/2014:01:30:01 +0800] "GET /robots.txt HTTP/1.0" 404 494 "-" "Mozilla/5.0 (Windows; U; Windows NT 5.1; en; rv:1.9.0.13) Gecko/2009073022 Firefox/3.5.2 (.NET CLR 3.5.30729) SurveyBot/2.3 (DomainTools)"
64.246.178.34 - - [12/Feb/2014:01:30:01 +0800] "GET / HTTP/1.1" 200 336 "http://whois.domaintools.com/kanhuiqiu.com" "Mozilla/5.0 (Windows; U; Windows NT 5.1; en; rv:1.9.0.13) Gecko/2009073022 Firefox/3.5.2 (.NET CLR 3.5.30729) SurveyBot/2.3 (DomainTools)"
106.120.121.156 - - [12/Feb/2014:08:19:50 +0800] "GET / HTTP/1.1" 200 317 "-" "Mozilla/4.0 (compatible; MSIE 8.0; Windows NT 5.1; Trident/4.0; .NET CLR 2.0.50727; .NET CLR 3.0.04506.648; .NET CLR 3.5.21022; InfoPath.2; .NET4.0C; .NET4.0E)"
106.120.121.147 - - [12/Feb/2014:10:22:09 +0800] "GET / HTTP/1.1" 200 317 "" "Mozilla/4.0 (compatible; MSIE 6.0; Windows NT 5.1; SV1; .NET CLR 1.1.4322)"
106.120.121.156 - - [12/Feb/2014:10:50:23 +0800] "GET / HTTP/1.1" 200 317 "-" "Mozilla/4.0 (compatible; MSIE 8.0; Windows NT 5.1; Trident/4.0; .NET CLR 2.0.50727; .NET CLR 3.0.04506.648; .NET CLR 3.5.21022; InfoPath.2; .NET4.0C; .NET4.0E)"
106.120.121.156 - - [12/Feb/2014:13:06:14 +0800] "GET / HTTP/1.1" 200 317 "-" "Mozilla/4.0 (compatible; MSIE 8.0; Windows NT 5.1; Trident/4.0; .NET CLR 2.0.50727; .NET CLR 3.0.04506.648; .NET CLR 3.5.21022; InfoPath.2; .NET4.0C; .NET4.0E)"
106.120.121.156 - - [12/Feb/2014:14:05:19 +0800] "GET / HTTP/1.1" 200 317 "-" "Mozilla/4.0 (compatible; MSIE 8.0; Windows NT 5.1; Trident/4.0; .NET CLR 2.0.50727; .NET CLR 3.0.04506.648; .NET CLR 3.5.21022; InfoPath.2; .NET4.0C; .NET4.0E)"
106.120.121.156 - - [12/Feb/2014:14:39:19 +0800] "GET / HTTP/1.1" 200 317 "-" "Mozilla/4.0 (compatible; MSIE 8.0; Windows NT 5.1; Trident/4.0; .NET CLR 2.0.50727; .NET CLR 3.0.04506.648; .NET CLR 3.5.21022; InfoPath.2; .NET4.0C; .NET4.0E)"
106.120.121.156 - - [12/Feb/2014:16:24:27 +0800] "GET / HTTP/1.1" 200 317 "-" "Mozilla/4.0 (compatible; MSIE 8.0; Windows NT 5.1; Trident/4.0; .NET CLR 2.0.50727; .NET CLR 3.0.04506.648; .NET CLR 3.5.21022; InfoPath.2; .NET4.0C; .NET4.0E)"
106.120.121.156 - - [12/Feb/2014:16:24:27 +0800] "GET / HTTP/1.1" 200 317 "-" "Mozilla/4.0 (compatible; MSIE 8.0; Windows NT 5.1; Trident/4.0; .NET CLR 2.0.50727; .NET CLR 3.0.04506.648; .NET CLR 3.5.21022; InfoPath.2; .NET4.0C; .NET4.0E)"
106.120.121.156 - - [12/Feb/2014:16:24:29 +0800] "GET / HTTP/1.1" 200 317 "-" "Mozilla/4.0 (compatible; MSIE 8.0; Windows NT 5.1; Trident/4.0; .NET CLR 2.0.50727; .NET CLR 3.0.04506.648; .NET CLR 3.5.21022; InfoPath.2; .NET4.0C; .NET4.0E)"
106.120.121.156 - - [12/Feb/2014:17:45:31 +0800] "GET / HTTP/1.1" 200 317 "-" "Mozilla/4.0 (compatible; MSIE 8.0; Windows NT 5.1; Trident/4.0; .NET CLR 2.0.50727; .NET CLR 3.0.04506.648; .NET CLR 3.5.21022; InfoPath.2; .NET4.0C; .NET4.0E)"
106.120.121.146 - - [12/Feb/2014:19:22:57 +0800] "GET / HTTP/1.1" 200 317 "-" "Mozilla/5.0 (Windows NT 5.1; rv:22.0) Gecko/20100101 Firefox/22.0"
106.120.121.146 - - [12/Feb/2014:20:22:34 +0800] "GET / HTTP/1.1" 200 317 "-" "Mozilla/5.0 (Windows NT 5.1; rv:22.0) Gecko/20100101 Firefox/22.0"
157.55.33.79 - - [12/Feb/2014:21:09:45 +0800] "GET /robots.txt HTTP/1.1" 404 490 "-" "Mozilla/5.0 (compatible; bingbot/2.0; +http://www.bing.com/bingbot.htm)"
106.120.121.146 - - [12/Feb/2014:21:09:51 +0800] "GET / HTTP/1.1" 200 317 "-" "Mozilla/5.0 (Windows NT 5.1; rv:22.0) Gecko/20100101 Firefox/22.0"
157.55.33.79 - - [12/Feb/2014:21:15:10 +0800] "GET / HTTP/1.1" 200 336 "-" "Mozilla/5.0 (compatible; bingbot/2.0; +http://www.bing.com/bingbot.htm)"
106.120.121.146 - - [12/Feb/2014:22:28:21 +0800] "GET / HTTP/1.1" 200 317 "-" "Mozilla/5.0 (Windows NT 5.1; rv:22.0) Gecko/20100101 Firefox/22.0"
106.120.121.146 - - [12/Feb/2014:22:45:56 +0800] "GET / HTTP/1.1" 200 317 "-" "Mozilla/5.0 (Windows NT 5.1; rv:22.0) Gecko/20100101 Firefox/22.0"
106.120.121.146 - - [13/Feb/2014:00:05:25 +0800] "GET / HTTP/1.1" 200 317 "-" "Mozilla/5.0 (Windows NT 5.1; rv:22.0) Gecko/20100101 Firefox/22.0"
106.120.121.146 - - [13/Feb/2014:01:10:14 +0800] "GET / HTTP/1.1" 200 317 "-" "Mozilla/5.0 (Windows NT 5.1; rv:22.0) Gecko/20100101 Firefox/22.0"
106.120.121.146 - - [13/Feb/2014:01:45:53 +0800] "GET / HTTP/1.1" 200 317 "-" "Mozilla/5.0 (Windows NT 5.1; rv:22.0) Gecko/20100101 Firefox/22.0"
106.120.121.146 - - [13/Feb/2014:02:13:55 +0800] "GET / HTTP/1.1" 200 317 "-" "Mozilla/5.0 (Windows NT 5.1; rv:22.0) Gecko/20100101 Firefox/22.0"
106.120.121.146 - - [13/Feb/2014:03:12:54 +0800] "GET / HTTP/1.1" 200 317 "-" "Mozilla/5.0 (Windows NT 5.1; rv:22.0) Gecko/20100101 Firefox/22.0"
106.120.121.146 - - [13/Feb/2014:04:05:18 +0800] "GET / HTTP/1.1" 200 317 "-" "Mozilla/5.0 (Windows NT 5.1; rv:22.0) Gecko/20100101 Firefox/22.0"
106.120.121.146 - - [13/Feb/2014:05:20:40 +0800] "GET / HTTP/1.1" 200 317 "-" "Mozilla/5.0 (Windows NT 5.1; rv:22.0) Gecko/20100101 Firefox/22.0"
106.120.121.146 - - [13/Feb/2014:05:47:21 +0800] "GET / HTTP/1.1" 200 317 "-" "Mozilla/5.0 (Windows NT 5.1; rv:22.0) Gecko/20100101 Firefox/22.0"
106.120.121.146 - - [13/Feb/2014:07:13:36 +0800] "GET / HTTP/1.1" 200 317 "-" "Mozilla/5.0 (Windows NT 5.1; rv:22.0) Gecko/20100101 Firefox/22.0"
106.120.121.156 - - [13/Feb/2014:08:12:33 +0800] "GET / HTTP/1.1" 200 317 "-" "Mozilla/4.0 (compatible; MSIE 8.0; Windows NT 5.1; Trident/4.0; .NET CLR 2.0.50727; .NET CLR 3.0.04506.648; .NET CLR 3.5.21022; InfoPath.2; .NET4.0C; .NET4.0E)"
106.120.121.156 - - [13/Feb/2014:08:21:12 +0800] "GET / HTTP/1.1" 200 317 "-" "Mozilla/4.0 (compatible; MSIE 8.0; Windows NT 5.1; Trident/4.0; .NET CLR 2.0.50727; .NET CLR 3.0.04506.648; .NET CLR 3.5.21022; InfoPath.2; .NET4.0C; .NET4.0E)"
106.120.121.156 - - [13/Feb/2014:11:44:36 +0800] "GET / HTTP/1.1" 200 317 "-" "Mozilla/4.0 (compatible; MSIE 8.0; Windows NT 5.1; Trident/4.0; .NET CLR 2.0.50727; .NET CLR 3.0.04506.648; .NET CLR 3.5.21022; InfoPath.2; .NET4.0C; .NET4.0E)"
106.120.121.156 - - [13/Feb/2014:14:26:07 +0800] "GET / HTTP/1.1" 200 317 "-" "Mozilla/4.0 (compatible; MSIE 8.0; Windows NT 5.1; Trident/4.0; .NET CLR 2.0.50727; .NET CLR 3.0.04506.648; .NET CLR 3.5.21022; InfoPath.2; .NET4.0C; .NET4.0E)"
106.120.121.156 - - [13/Feb/2014:14:33:54 +0800] "GET / HTTP/1.1" 200 317 "-" "Mozilla/4.0 (compatible; MSIE 8.0; Windows NT 5.1; Trident/4.0; .NET CLR 2.0.50727; .NET CLR 3.0.04506.648; .NET CLR 3.5.21022; InfoPath.2; .NET4.0C; .NET4.0E)"
106.120.121.156 - - [13/Feb/2014:16:48:47 +0800] "GET / HTTP/1.1" 200 317 "-" "Mozilla/4.0 (compatible; MSIE 8.0; Windows NT 5.1; Trident/4.0; .NET CLR 2.0.50727; .NET CLR 3.0.04506.648; .NET CLR 3.5.21022; InfoPath.2; .NET4.0C; .NET4.0E)"
106.120.121.156 - - [13/Feb/2014:16:50:26 +0800] "GET / HTTP/1.1" 200 317 "-" "Mozilla/4.0 (compatible; MSIE 8.0; Windows NT 5.1; Trident/4.0; .NET CLR 2.0.50727; .NET CLR 3.0.04506.648; .NET CLR 3.5.21022; InfoPath.2; .NET4.0C; .NET4.0E)"
106.120.121.156 - - [13/Feb/2014:17:22:27 +0800] "GET / HTTP/1.1" 200 317 "-" "Mozilla/4.0 (compatible; MSIE 8.0; Windows NT 5.1; Trident/4.0; .NET CLR 2.0.50727; .NET CLR 3.0.04506.648; .NET CLR 3.5.21022; InfoPath.2; .NET4.0C; .NET4.0E)"
106.120.121.156 - - [14/Feb/2014:08:28:08 +0800] "GET / HTTP/1.1" 200 317 "-" "Mozilla/4.0 (compatible; MSIE 8.0; Windows NT 5.1; Trident/4.0; .NET CLR 2.0.50727; .NET CLR 3.0.04506.648; .NET CLR 3.5.21022; InfoPath.2; .NET4.0C; .NET4.0E)"
106.120.121.156 - - [14/Feb/2014:10:39:37 +0800] "GET / HTTP/1.1" 200 317 "-" "Mozilla/4.0 (compatible; MSIE 8.0; Windows NT 5.1; Trident/4.0; .NET CLR 2.0.50727; .NET CLR 3.0.04506.648; .NET CLR 3.5.21022; InfoPath.2; .NET4.0C; .NET4.0E)"
106.120.121.156 - - [14/Feb/2014:12:51:49 +0800] "GET / HTTP/1.1" 200 317 "-" "Mozilla/4.0 (compatible; MSIE 8.0; Windows NT 5.1; Trident/4.0; .NET CLR 2.0.50727; .NET CLR 3.0.04506.648; .NET CLR 3.5.21022; InfoPath.2; .NET4.0C; .NET4.0E)"
106.120.121.156 - - [14/Feb/2014:15:02:12 +0800] "GET / HTTP/1.1" 200 317 "-" "Mozilla/4.0 (compatible; MSIE 8.0; Windows NT 5.1; Trident/4.0; .NET CLR 2.0.50727; .NET CLR 3.0.04506.648; .NET CLR 3.5.21022; InfoPath.2; .NET4.0C; .NET4.0E)"
46.4.48.68 - - [14/Feb/2014:15:33:20 +0800] "GET / HTTP/1.1" 200 336 "http://kanhuiqiu.com/" "Mozilla/5.0 (Windows NT 6.1; WOW64; rv:25.0) Gecko/20100101 Firefox/25.0"
106.120.121.156 - - [14/Feb/2014:17:14:11 +0800] "GET / HTTP/1.1" 200 317 "-" "Mozilla/4.0 (compatible; MSIE 8.0; Windows NT 5.1; Trident/4.0; .NET CLR 2.0.50727; .NET CLR 3.0.04506.648; .NET CLR 3.5.21022; InfoPath.2; .NET4.0C; .NET4.0E)"
66.249.75.14 - - [15/Feb/2014:03:42:37 +0800] "GET /robots.txt HTTP/1.1" 404 466 "-" "Mozilla/5.0 (compatible; Googlebot/2.1; +http://www.google.com/bot.html)"
66.249.75.14 - - [15/Feb/2014:03:42:37 +0800] "GET / HTTP/1.1" 200 336 "-" "Mozilla/5.0 (compatible; Googlebot/2.1; +http://www.google.com/bot.html)"
38.100.21.69 - - [15/Feb/2014:10:54:27 +0800] "GET / HTTP/1.1" 200 317 "-" "Mozilla/4.0 (compatible; MSIE 7.0; Windows NT 5.2)"
77.68.45.100 - - [15/Feb/2014:14:36:12 +0800] "GET /administrator/ HTTP/1.1" 404 494 "kanhuiqiu.com" "Mozilla/5.0 (Windows NT 6.1; WOW64; rv:7.0.1) Gecko/20100101 Firefox/7.0.1"
91.229.248.43 - - [15/Feb/2014:22:14:04 +0800] "GET /wp-login.php HTTP/1.1" 404 492 "-" "Mozilla/5.0 (X11; CrOS i686 2268.111.0) AppleWebKit/536.11 (KHTML, like Gecko) Chrome/20.0.1132.57 Safari/536.11"
106.120.121.151 - - [17/Feb/2014:08:18:58 +0800] "GET / HTTP/1.1" 200 317 "-" "Mozilla/4.0 (compatible; MSIE 8.0; Windows NT 5.1; Trident/4.0; .NET CLR 2.0.50727; .NET CLR 3.0.04506.648; .NET CLR 3.5.21022; InfoPath.2; .NET4.0C; .NET4.0E)"
106.120.121.151 - - [17/Feb/2014:10:45:50 +0800] "GET / HTTP/1.1" 200 317 "-" "Mozilla/4.0 (compatible; MSIE 8.0; Windows NT 5.1; Trident/4.0; .NET CLR 2.0.50727; .NET CLR 3.0.04506.648; .NET CLR 3.5.21022; InfoPath.2; .NET4.0C; .NET4.0E)"
106.120.121.151 - - [17/Feb/2014:13:37:57 +0800] "GET / HTTP/1.1" 200 317 "-" "Mozilla/4.0 (compatible; MSIE 8.0; Windows NT 5.1; Trident/4.0; .NET CLR 2.0.50727; .NET CLR 3.0.04506.648; .NET CLR 3.5.21022; InfoPath.2; .NET4.0C; .NET4.0E)"
138.91.52.28 - - [17/Feb/2014:15:51:52 +0800] "GET /wp-login.php HTTP/1.1" 404 468 "http://kanhuiqiu.com/wp-login.php" "Mozilla/4.0 (compatible; MSIE 6.0; Windows NT 5.1; SV1)"
106.120.121.151 - - [17/Feb/2014:16:11:00 +0800] "GET / HTTP/1.1" 200 317 "-" "Mozilla/4.0 (compatible; MSIE 8.0; Windows NT 5.1; Trident/4.0; .NET CLR 2.0.50727; .NET CLR 3.0.04506.648; .NET CLR 3.5.21022; InfoPath.2; .NET4.0C; .NET4.0E)"
106.120.121.146 - - [17/Feb/2014:19:57:54 +0800] "GET / HTTP/1.1" 200 317 "-" "Mozilla/5.0 (Windows NT 5.1; rv:22.0) Gecko/20100101 Firefox/22.0"
106.120.121.146 - - [17/Feb/2014:20:36:28 +0800] "GET / HTTP/1.1" 200 317 "-" "Mozilla/5.0 (Windows NT 5.1; rv:22.0) Gecko/20100101 Firefox/22.0"
106.120.121.146 - - [17/Feb/2014:21:32:51 +0800] "GET / HTTP/1.1" 200 317 "-" "Mozilla/5.0 (Windows NT 5.1; rv:22.0) Gecko/20100101 Firefox/22.0"
106.120.121.146 - - [17/Feb/2014:21:58:20 +0800] "GET / HTTP/1.1" 200 317 "-" "Mozilla/5.0 (Windows NT 5.1; rv:22.0) Gecko/20100101 Firefox/22.0"
106.120.121.146 - - [17/Feb/2014:23:32:58 +0800] "GET / HTTP/1.1" 200 317 "-" "Mozilla/5.0 (Windows NT 5.1; rv:22.0) Gecko/20100101 Firefox/22.0"
106.120.121.146 - - [18/Feb/2014:00:12:45 +0800] "GET / HTTP/1.1" 200 317 "-" "Mozilla/5.0 (Windows NT 5.1; rv:22.0) Gecko/20100101 Firefox/22.0"
106.120.121.146 - - [18/Feb/2014:00:57:02 +0800] "GET / HTTP/1.1" 200 317 "-" "Mozilla/5.0 (Windows NT 5.1; rv:22.0) Gecko/20100101 Firefox/22.0"
106.120.121.146 - - [18/Feb/2014:02:06:50 +0800] "GET / HTTP/1.1" 200 317 "-" "Mozilla/5.0 (Windows NT 5.1; rv:22.0) Gecko/20100101 Firefox/22.0"
106.120.121.146 - - [18/Feb/2014:02:45:29 +0800] "GET / HTTP/1.1" 200 317 "-" "Mozilla/5.0 (Windows NT 5.1; rv:22.0) Gecko/20100101 Firefox/22.0"
106.120.121.146 - - [18/Feb/2014:03:16:00 +0800] "GET / HTTP/1.1" 200 317 "-" "Mozilla/5.0 (Windows NT 5.1; rv:22.0) Gecko/20100101 Firefox/22.0"
106.120.121.146 - - [18/Feb/2014:04:30:15 +0800] "GET / HTTP/1.1" 200 317 "-" "Mozilla/5.0 (Windows NT 5.1; rv:22.0) Gecko/20100101 Firefox/22.0"
106.120.121.146 - - [18/Feb/2014:04:49:51 +0800] "GET / HTTP/1.1" 200 317 "-" "Mozilla/5.0 (Windows NT 5.1; rv:22.0) Gecko/20100101 Firefox/22.0"
106.120.121.146 - - [18/Feb/2014:06:12:15 +0800] "GET / HTTP/1.1" 200 317 "-" "Mozilla/5.0 (Windows NT 5.1; rv:22.0) Gecko/20100101 Firefox/22.0"
106.120.121.146 - - [18/Feb/2014:06:26:01 +0800] "GET / HTTP/1.1" 200 317 "-" "Mozilla/5.0 (Windows NT 5.1; rv:22.0) Gecko/20100101 Firefox/22.0"
106.120.121.146 - - [18/Feb/2014:07:32:59 +0800] "GET / HTTP/1.1" 200 317 "-" "Mozilla/5.0 (Windows NT 5.1; rv:22.0) Gecko/20100101 Firefox/22.0"
106.120.121.151 - - [18/Feb/2014:08:08:20 +0800] "GET / HTTP/1.1" 200 317 "-" "Mozilla/4.0 (compatible; MSIE 8.0; Windows NT 5.1; Trident/4.0; .NET CLR 2.0.50727; .NET CLR 3.0.04506.648; .NET CLR 3.5.21022; InfoPath.2; .NET4.0C; .NET4.0E)"
106.120.121.151 - - [18/Feb/2014:10:26:42 +0800] "GET / HTTP/1.1" 200 317 "-" "Mozilla/4.0 (compatible; MSIE 8.0; Windows NT 5.1; Trident/4.0; .NET CLR 2.0.50727; .NET CLR 3.0.04506.648; .NET CLR 3.5.21022; InfoPath.2; .NET4.0C; .NET4.0E)"
106.120.121.146 - - [18/Feb/2014:12:14:48 +0800] "GET / HTTP/1.1" 200 317 "-" "Mozilla/5.0 (Windows NT 5.1; rv:22.0) Gecko/20100101 Firefox/22.0"
106.120.121.151 - - [18/Feb/2014:12:50:48 +0800] "GET / HTTP/1.1" 200 317 "-" "Mozilla/4.0 (compatible; MSIE 8.0; Windows NT 5.1; Trident/4.0; .NET CLR 2.0.50727; .NET CLR 3.0.04506.648; .NET CLR 3.5.21022; InfoPath.2; .NET4.0C; .NET4.0E)"
106.120.121.146 - - [18/Feb/2014:13:00:33 +0800] "GET / HTTP/1.1" 200 317 "-" "Mozilla/5.0 (Windows NT 5.1; rv:22.0) Gecko/20100101 Firefox/22.0"
106.120.121.146 - - [18/Feb/2014:13:52:53 +0800] "GET / HTTP/1.1" 200 317 "-" "Mozilla/5.0 (Windows NT 5.1; rv:22.0) Gecko/20100101 Firefox/22.0"
106.120.121.151 - - [18/Feb/2014:18:22:21 +0800] "GET / HTTP/1.1" 200 317 "-" "Mozilla/4.0 (compatible; MSIE 8.0; Windows NT 5.1; Trident/4.0; .NET CLR 2.0.50727; .NET CLR 3.0.04506.648; .NET CLR 3.5.21022; InfoPath.2; .NET4.0C; .NET4.0E)"
66.249.76.39 - - [19/Feb/2014:01:16:52 +0800] "GET /robots.txt HTTP/1.1" 404 469 "-" "Mozilla/5.0 (compatible; Googlebot/2.1; +http://www.google.com/bot.html)"
66.249.76.39 - - [19/Feb/2014:01:16:52 +0800] "GET / HTTP/1.1" 200 336 "-" "Mozilla/5.0 (compatible; Googlebot/2.1; +http://www.google.com/bot.html)"
106.120.121.151 - - [19/Feb/2014:08:19:28 +0800] "GET / HTTP/1.1" 200 317 "-" "Mozilla/4.0 (compatible; MSIE 8.0; Windows NT 5.1; Trident/4.0; .NET CLR 2.0.50727; .NET CLR 3.0.04506.648; .NET CLR 3.5.21022; InfoPath.2; .NET4.0C; .NET4.0E)"
106.120.121.151 - - [19/Feb/2014:10:47:39 +0800] "GET / HTTP/1.1" 200 317 "-" "Mozilla/4.0 (compatible; MSIE 8.0; Windows NT 5.1; Trident/4.0; .NET CLR 2.0.50727; .NET CLR 3.0.04506.648; .NET CLR 3.5.21022; InfoPath.2; .NET4.0C; .NET4.0E)"
42.120.145.36 - - [19/Feb/2014:12:37:51 +0800] "GET / HTTP/1.1" 200 317 "http://kanhuiqiu.com" "Mozilla/4.0 (compatible; MSIE 6.0; Windows NT 5.1; SV1; Maxthon; .NET CLR 1.1.4322;Alibaba.Security.Heimdall)"
42.120.145.36 - - [19/Feb/2014:12:37:51 +0800] "GET / HTTP/1.1" 200 317 "http://www.kanhuiqiu.com" "Mozilla/4.0 (compatible; MSIE 6.0; Windows NT 5.1; SV1; Maxthon; .NET CLR 1.1.4322;Alibaba.Security.Heimdall)"
106.120.121.151 - - [19/Feb/2014:13:35:11 +0800] "GET / HTTP/1.1" 200 317 "-" "Mozilla/4.0 (compatible; MSIE 8.0; Windows NT 5.1; Trident/4.0; .NET CLR 2.0.50727; .NET CLR 3.0.04506.648; .NET CLR 3.5.21022; InfoPath.2; .NET4.0C; .NET4.0E)"
106.120.121.151 - - [19/Feb/2014:14:08:59 +0800] "GET / HTTP/1.1" 200 317 "-" "Mozilla/4.0 (compatible; MSIE 8.0; Windows NT 5.1; Trident/4.0; .NET CLR 2.0.50727; .NET CLR 3.0.04506.648; .NET CLR 3.5.21022; InfoPath.2; .NET4.0C; .NET4.0E)"
106.120.121.151 - - [19/Feb/2014:16:26:40 +0800] "GET / HTTP/1.1" 200 317 "-" "Mozilla/4.0 (compatible; MSIE 8.0; Windows NT 5.1; Trident/4.0; .NET CLR 2.0.50727; .NET CLR 3.0.04506.648; .NET CLR 3.5.21022; InfoPath.2; .NET4.0C; .NET4.0E)"
106.120.121.151 - - [20/Feb/2014:08:18:10 +0800] "GET / HTTP/1.1" 200 317 "-" "Mozilla/4.0 (compatible; MSIE 8.0; Windows NT 5.1; Trident/4.0; .NET CLR 2.0.50727; .NET CLR 3.0.04506.648; .NET CLR 3.5.21022; InfoPath.2; .NET4.0C; .NET4.0E)"
106.120.121.151 - - [20/Feb/2014:10:49:37 +0800] "GET / HTTP/1.1" 200 317 "-" "Mozilla/4.0 (compatible; MSIE 8.0; Windows NT 5.1; Trident/4.0; .NET CLR 2.0.50727; .NET CLR 3.0.04506.648; .NET CLR 3.5.21022; InfoPath.2; .NET4.0C; .NET4.0E)"
106.120.121.151 - - [20/Feb/2014:13:18:01 +0800] "GET / HTTP/1.1" 200 317 "-" "Mozilla/4.0 (compatible; MSIE 8.0; Windows NT 5.1; Trident/4.0; .NET CLR 2.0.50727; .NET CLR 3.0.04506.648; .NET CLR 3.5.21022; InfoPath.2; .NET4.0C; .NET4.0E)"
106.120.121.151 - - [20/Feb/2014:15:48:55 +0800] "GET / HTTP/1.1" 200 317 "-" "Mozilla/4.0 (compatible; MSIE 8.0; Windows NT 5.1; Trident/4.0; .NET CLR 2.0.50727; .NET CLR 3.0.04506.648; .NET CLR 3.5.21022; InfoPath.2; .NET4.0C; .NET4.0E)"
106.120.121.151 - - [20/Feb/2014:16:40:20 +0800] "GET / HTTP/1.1" 200 317 "-" "Mozilla/4.0 (compatible; MSIE 8.0; Windows NT 5.1; Trident/4.0; .NET CLR 2.0.50727; .NET CLR 3.0.04506.648; .NET CLR 3.5.21022; InfoPath.2; .NET4.0C; .NET4.0E)"
106.120.121.151 - - [20/Feb/2014:19:48:33 +0800] "GET / HTTP/1.1" 200 317 "-" "Mozilla/4.0 (compatible; MSIE 8.0; Windows NT 5.1; Trident/4.0; .NET CLR 2.0.50727; .NET CLR 3.0.04506.648; .NET CLR 3.5.21022; InfoPath.2; .NET4.0C; .NET4.0E)"
23.239.196.71 - - [21/Feb/2014:00:06:08 +0800] "GET / HTTP/1.0" 200 317 "http://www.kanhuiqiu.com/" "Mozilla/4.0 (compatible)"
69.58.178.56 - - [21/Feb/2014:02:52:11 +0800] "GET /robots.txt HTTP/1.1" 404 494 "-" "Mozilla/5.0 (X11; Ubuntu; Linux i686; rv:14.0; ips-agent) Gecko/20100101 Firefox/14.0.1"
69.58.178.56 - - [21/Feb/2014:02:52:13 +0800] "GET / HTTP/1.1" 200 317 "-" "Mozilla/5.0 (X11; Ubuntu; Linux i686; rv:14.0; ips-agent) Gecko/20100101 Firefox/14.0.1"
69.58.178.56 - - [21/Feb/2014:02:52:15 +0800] "GET / HTTP/1.1" 200 317 "-" "Mozilla/5.0 (X11; Ubuntu; Linux i686; rv:14.0; ips-agent) Gecko/20100101 Firefox/14.0.1"
106.120.121.151 - - [21/Feb/2014:08:14:11 +0800] "GET / HTTP/1.1" 200 317 "-" "Mozilla/4.0 (compatible; MSIE 8.0; Windows NT 5.1; Trident/4.0; .NET CLR 2.0.50727; .NET CLR 3.0.04506.648; .NET CLR 3.5.21022; InfoPath.2; .NET4.0C; .NET4.0E)"
106.120.121.151 - - [21/Feb/2014:10:33:50 +0800] "GET / HTTP/1.1" 200 317 "-" "Mozilla/4.0 (compatible; MSIE 8.0; Windows NT 5.1; Trident/4.0; .NET CLR 2.0.50727; .NET CLR 3.0.04506.648; .NET CLR 3.5.21022; InfoPath.2; .NET4.0C; .NET4.0E)"
106.120.121.151 - - [21/Feb/2014:10:33:50 +0800] "GET / HTTP/1.1" 200 317 "-" "Mozilla/4.0 (compatible; MSIE 8.0; Windows NT 5.1; Trident/4.0; .NET CLR 2.0.50727; .NET CLR 3.0.04506.648; .NET CLR 3.5.21022; InfoPath.2; .NET4.0C; .NET4.0E)"
106.120.121.151 - - [21/Feb/2014:12:44:07 +0800] "GET / HTTP/1.1" 200 317 "-" "Mozilla/4.0 (compatible; MSIE 8.0; Windows NT 5.1; Trident/4.0; .NET CLR 2.0.50727; .NET CLR 3.0.04506.648; .NET CLR 3.5.21022; InfoPath.2; .NET4.0C; .NET4.0E)"
106.120.121.151 - - [21/Feb/2014:15:15:04 +0800] "GET / HTTP/1.1" 200 317 "-" "Mozilla/4.0 (compatible; MSIE 8.0; Windows NT 5.1; Trident/4.0; .NET CLR 2.0.50727; .NET CLR 3.0.04506.648; .NET CLR 3.5.21022; InfoPath.2; .NET4.0C; .NET4.0E)"
106.120.121.151 - - [21/Feb/2014:16:52:18 +0800] "GET / HTTP/1.1" 200 317 "-" "Mozilla/4.0 (compatible; MSIE 8.0; Windows NT 5.1; Trident/4.0; .NET CLR 2.0.50727; .NET CLR 3.0.04506.648; .NET CLR 3.5.21022; InfoPath.2; .NET4.0C; .NET4.0E)"
106.120.121.151 - - [24/Feb/2014:08:13:58 +0800] "GET / HTTP/1.1" 200 317 "-" "Mozilla/4.0 (compatible; MSIE 8.0; Windows NT 5.1; Trident/4.0; .NET CLR 2.0.50727; .NET CLR 3.0.04506.648; .NET CLR 3.5.21022; InfoPath.2; .NET4.0C; .NET4.0E)"
23.239.196.71 - - [24/Feb/2014:08:57:19 +0800] "GET / HTTP/1.0" 200 317 "http://www.kanhuiqiu.com/" "Mozilla/4.0 (compatible; MSIE 8.0; Windows NT 6.0)"
106.120.121.151 - - [24/Feb/2014:10:40:16 +0800] "GET / HTTP/1.1" 200 317 "-" "Mozilla/4.0 (compatible; MSIE 8.0; Windows NT 5.1; Trident/4.0; .NET CLR 2.0.50727; .NET CLR 3.0.04506.648; .NET CLR 3.5.21022; InfoPath.2; .NET4.0C; .NET4.0E)"
106.120.121.151 - - [24/Feb/2014:10:40:17 +0800] "GET / HTTP/1.1" 200 317 "-" "Mozilla/4.0 (compatible; MSIE 8.0; Windows NT 5.1; Trident/4.0; .NET CLR 2.0.50727; .NET CLR 3.0.04506.648; .NET CLR 3.5.21022; InfoPath.2; .NET4.0C; .NET4.0E)"
106.120.121.151 - - [24/Feb/2014:12:50:59 +0800] "GET / HTTP/1.1" 200 317 "-" "Mozilla/4.0 (compatible; MSIE 8.0; Windows NT 5.1; Trident/4.0; .NET CLR 2.0.50727; .NET CLR 3.0.04506.648; .NET CLR 3.5.21022; InfoPath.2; .NET4.0C; .NET4.0E)"
106.120.121.151 - - [24/Feb/2014:15:07:23 +0800] "GET / HTTP/1.1" 200 317 "-" "Mozilla/4.0 (compatible; MSIE 8.0; Windows NT 5.1; Trident/4.0; .NET CLR 2.0.50727; .NET CLR 3.0.04506.648; .NET CLR 3.5.21022; InfoPath.2; .NET4.0C; .NET4.0E)"
106.120.121.151 - - [24/Feb/2014:17:26:09 +0800] "GET / HTTP/1.1" 200 317 "-" "Mozilla/4.0 (compatible; MSIE 8.0; Windows NT 5.1; Trident/4.0; .NET CLR 2.0.50727; .NET CLR 3.0.04506.648; .NET CLR 3.5.21022; InfoPath.2; .NET4.0C; .NET4.0E)"
106.120.121.151 - - [24/Feb/2014:18:10:27 +0800] "GET / HTTP/1.1" 200 317 "-" "Mozilla/4.0 (compatible; MSIE 8.0; Windows NT 5.1; Trident/4.0; .NET CLR 2.0.50727; .NET CLR 3.0.04506.648; .NET CLR 3.5.21022; InfoPath.2; .NET4.0C; .NET4.0E)"
64.246.165.170 - - [25/Feb/2014:02:49:56 +0800] "GET /robots.txt HTTP/1.0" 404 494 "-" "Mozilla/5.0 (Windows; U; Windows NT 5.1; en; rv:1.9.0.13) Gecko/2009073022 Firefox/3.5.2 (.NET CLR 3.5.30729) SurveyBot/2.3 (DomainTools)"
64.246.165.170 - - [25/Feb/2014:02:49:56 +0800] "GET / HTTP/1.1" 200 336 "http://whois.domaintools.com/kanhuiqiu.com" "Mozilla/5.0 (Windows; U; Windows NT 5.1; en; rv:1.9.0.13) Gecko/2009073022 Firefox/3.5.2 (.NET CLR 3.5.30729) SurveyBot/2.3 (DomainTools)"
106.120.121.151 - - [25/Feb/2014:08:08:19 +0800] "GET / HTTP/1.1" 200 317 "-" "Mozilla/4.0 (compatible; MSIE 8.0; Windows NT 5.1; Trident/4.0; .NET CLR 2.0.50727; .NET CLR 3.0.04506.648; .NET CLR 3.5.21022; InfoPath.2; .NET4.0C; .NET4.0E)"
106.120.121.151 - - [25/Feb/2014:10:30:06 +0800] "GET / HTTP/1.1" 200 317 "-" "Mozilla/4.0 (compatible; MSIE 8.0; Windows NT 5.1; Trident/4.0; .NET CLR 2.0.50727; .NET CLR 3.0.04506.648; .NET CLR 3.5.21022; InfoPath.2; .NET4.0C; .NET4.0E)"
106.120.121.151 - - [25/Feb/2014:10:30:06 +0800] "GET / HTTP/1.1" 200 317 "-" "Mozilla/4.0 (compatible; MSIE 8.0; Windows NT 5.1; Trident/4.0; .NET CLR 2.0.50727; .NET CLR 3.0.04506.648; .NET CLR 3.5.21022; InfoPath.2; .NET4.0C; .NET4.0E)"
54.80.167.99 - - [25/Feb/2014:11:08:10 +0800] "GET / HTTP/1.1" 200 317 "-" "Mozilla/5.0 (Windows; U; Windows NT 6.0; en-US; rv:1.9.2.3) Gecko/20100401 Firefox/3.6.3 GTB6 (.NET CLR 3.5.30729)"
159.224.139.133 - - [25/Feb/2014:11:24:41 +0800] "GET /ispmgr HTTP/1.1" 404 463 "http://KANHUIQIU.COM/ispmgr" "Mozilla/4.0 (compatible; MSIE 6.0; Windows NT 5.1; SV1)"
159.224.139.133 - - [25/Feb/2014:11:24:41 +0800] "GET /manager/ispmgr HTTP/1.1" 404 468 "http://KANHUIQIU.COM/manager/ispmgr" "Mozilla/4.0 (compatible; MSIE 6.0; Windows NT 5.1; SV1)"
159.224.139.133 - - [25/Feb/2014:11:24:41 +0800] "GET /manager/ HTTP/1.1" 404 464 "http://KANHUIQIU.COM/manager/" "Mozilla/4.0 (compatible; MSIE 6.0; Windows NT 5.1; SV1)"
106.120.121.151 - - [25/Feb/2014:13:01:46 +0800] "GET / HTTP/1.1" 200 317 "-" "Mozilla/4.0 (compatible; MSIE 8.0; Windows NT 5.1; Trident/4.0; .NET CLR 2.0.50727; .NET CLR 3.0.04506.648; .NET CLR 3.5.21022; InfoPath.2; .NET4.0C; .NET4.0E)"
106.120.121.151 - - [25/Feb/2014:15:19:24 +0800] "GET / HTTP/1.1" 200 317 "-" "Mozilla/4.0 (compatible; MSIE 8.0; Windows NT 5.1; Trident/4.0; .NET CLR 2.0.50727; .NET CLR 3.0.04506.648; .NET CLR 3.5.21022; InfoPath.2; .NET4.0C; .NET4.0E)"
106.120.121.151 - - [25/Feb/2014:17:39:47 +0800] "GET / HTTP/1.1" 200 317 "-" "Mozilla/4.0 (compatible; MSIE 8.0; Windows NT 5.1; Trident/4.0; .NET CLR 2.0.50727; .NET CLR 3.0.04506.648; .NET CLR 3.5.21022; InfoPath.2; .NET4.0C; .NET4.0E)"
66.249.74.92 - - [26/Feb/2014:07:58:27 +0800] "GET /robots.txt HTTP/1.1" 404 466 "-" "Mozilla/5.0 (compatible; Googlebot/2.1; +http://www.google.com/bot.html)"
66.249.74.92 - - [26/Feb/2014:07:58:27 +0800] "GET / HTTP/1.1" 200 336 "-" "Mozilla/5.0 (compatible; Googlebot/2.1; +http://www.google.com/bot.html)"
106.120.121.151 - - [26/Feb/2014:08:08:42 +0800] "GET / HTTP/1.1" 200 317 "-" "Mozilla/4.0 (compatible; MSIE 8.0; Windows NT 5.1; Trident/4.0; .NET CLR 2.0.50727; .NET CLR 3.0.04506.648; .NET CLR 3.5.21022; InfoPath.2; .NET4.0C; .NET4.0E)"
106.120.121.151 - - [26/Feb/2014:10:26:47 +0800] "GET / HTTP/1.1" 200 317 "-" "Mozilla/4.0 (compatible; MSIE 8.0; Windows NT 5.1; Trident/4.0; .NET CLR 2.0.50727; .NET CLR 3.0.04506.648; .NET CLR 3.5.21022; InfoPath.2; .NET4.0C; .NET4.0E)"
106.120.121.151 - - [26/Feb/2014:10:26:49 +0800] "GET / HTTP/1.1" 200 317 "-" "Mozilla/4.0 (compatible; MSIE 8.0; Windows NT 5.1; Trident/4.0; .NET CLR 2.0.50727; .NET CLR 3.0.04506.648; .NET CLR 3.5.21022; InfoPath.2; .NET4.0C; .NET4.0E)"
106.120.121.151 - - [26/Feb/2014:11:41:24 +0800] "GET / HTTP/1.1" 200 317 "-" "Mozilla/4.0 (compatible; MSIE 8.0; Windows NT 5.1; Trident/4.0; .NET CLR 2.0.50727; .NET CLR 3.0.04506.648; .NET CLR 3.5.21022; InfoPath.2; .NET4.0C; .NET4.0E)"
106.120.121.151 - - [26/Feb/2014:13:52:28 +0800] "GET / HTTP/1.1" 200 317 "-" "Mozilla/4.0 (compatible; MSIE 8.0; Windows NT 5.1; Trident/4.0; .NET CLR 2.0.50727; .NET CLR 3.0.04506.648; .NET CLR 3.5.21022; InfoPath.2; .NET4.0C; .NET4.0E)"
106.120.121.151 - - [26/Feb/2014:13:52:31 +0800] "GET / HTTP/1.1" 200 317 "-" "Mozilla/4.0 (compatible; MSIE 8.0; Windows NT 5.1; Trident/4.0; .NET CLR 2.0.50727; .NET CLR 3.0.04506.648; .NET CLR 3.5.21022; InfoPath.2; .NET4.0C; .NET4.0E)"
106.120.121.151 - - [26/Feb/2014:14:13:16 +0800] "GET / HTTP/1.1" 200 317 "-" "Mozilla/4.0 (compatible; MSIE 8.0; Windows NT 5.1; Trident/4.0; .NET CLR 2.0.50727; .NET CLR 3.0.04506.648; .NET CLR 3.5.21022; InfoPath.2; .NET4.0C; .NET4.0E)"
106.120.121.151 - - [26/Feb/2014:16:25:25 +0800] "GET / HTTP/1.1" 200 317 "-" "Mozilla/4.0 (compatible; MSIE 8.0; Windows NT 5.1; Trident/4.0; .NET CLR 2.0.50727; .NET CLR 3.0.04506.648; .NET CLR 3.5.21022; InfoPath.2; .NET4.0C; .NET4.0E)"
106.120.121.151 - - [26/Feb/2014:18:40:22 +0800] "GET / HTTP/1.1" 200 317 "-" "Mozilla/4.0 (compatible; MSIE 8.0; Windows NT 5.1; Trident/4.0; .NET CLR 2.0.50727; .NET CLR 3.0.04506.648; .NET CLR 3.5.21022; InfoPath.2; .NET4.0C; .NET4.0E)"
111.204.254.2 - - [26/Feb/2014:19:21:00 +0800] "GET / HTTP/1.1" 200 336 "-" "Mozilla/5.0 (Windows NT 6.1; WOW64) AppleWebKit/537.36 (KHTML, like Gecko) Chrome/33.0.1750.117 Safari/537.36"
111.204.254.2 - - [26/Feb/2014:19:21:01 +0800] "GET /static/building.jpg HTTP/1.1" 200 8277 "http://kanhuiqiu.com/" "Mozilla/5.0 (Windows NT 6.1; WOW64) AppleWebKit/537.36 (KHTML, like Gecko) Chrome/33.0.1750.117 Safari/537.36"
111.204.254.2 - - [26/Feb/2014:19:21:01 +0800] "GET /favicon.ico HTTP/1.1" 404 466 "-" "Mozilla/5.0 (Windows NT 6.1; WOW64) AppleWebKit/537.36 (KHTML, like Gecko) Chrome/33.0.1750.117 Safari/537.36"
106.186.30.232 - - [26/Feb/2014:20:51:53 +0800] "GET / HTTP/1.1" 200 336 "-" "Scrapy/0.22.2 (+http://scrapy.org)"
106.186.30.232 - - [26/Feb/2014:20:52:07 +0800] "GET / HTTP/1.1" 200 336 "-" "Scrapy/0.22.2 (+http://scrapy.org)"
106.120.121.151 - - [27/Feb/2014:08:10:17 +0800] "GET / HTTP/1.1" 200 317 "-" "Mozilla/4.0 (compatible; MSIE 8.0; Windows NT 5.1; Trident/4.0; .NET CLR 2.0.50727; .NET CLR 3.0.04506.648; .NET CLR 3.5.21022; InfoPath.2; .NET4.0C; .NET4.0E)"
106.120.121.151 - - [27/Feb/2014:10:25:14 +0800] "GET / HTTP/1.1" 200 317 "-" "Mozilla/4.0 (compatible; MSIE 8.0; Windows NT 5.1; Trident/4.0; .NET CLR 2.0.50727; .NET CLR 3.0.04506.648; .NET CLR 3.5.21022; InfoPath.2; .NET4.0C; .NET4.0E)"
62.219.8.233 - - [27/Feb/2014:11:45:41 +0800] "GET / HTTP/1.1" 200 336 "-" "Mozilla/5.0 (compatible; MSIE 9.0; Windows NT 6.1; WOW64; Trident/5.0) AppleWebKit/537.22 (KHTML, like Gecko) Chrome/25.0.1364.172 Safari/537.22"
106.120.121.151 - - [27/Feb/2014:12:43:20 +0800] "GET / HTTP/1.1" 200 317 "-" "Mozilla/4.0 (compatible; MSIE 8.0; Windows NT 5.1; Trident/4.0; .NET CLR 2.0.50727; .NET CLR 3.0.04506.648; .NET CLR 3.5.21022; InfoPath.2; .NET4.0C; .NET4.0E)"
96.242.31.129 - - [27/Feb/2014:14:42:06 +0800] "GET /robots.txt HTTP/1.1" 404 494 "-" "panscient.com"
96.242.31.129 - - [27/Feb/2014:14:42:07 +0800] "GET / HTTP/1.1" 200 336 "-" "panscient.com"
106.120.121.151 - - [27/Feb/2014:14:59:58 +0800] "GET / HTTP/1.1" 200 317 "-" "Mozilla/4.0 (compatible; MSIE 8.0; Windows NT 5.1; Trident/4.0; .NET CLR 2.0.50727; .NET CLR 3.0.04506.648; .NET CLR 3.5.21022; InfoPath.2; .NET4.0C; .NET4.0E)"
106.120.121.151 - - [27/Feb/2014:16:57:03 +0800] "GET / HTTP/1.1" 200 317 "-" "Mozilla/4.0 (compatible; MSIE 8.0; Windows NT 5.1; Trident/4.0; .NET CLR 2.0.50727; .NET CLR 3.0.04506.648; .NET CLR 3.5.21022; InfoPath.2; .NET4.0C; .NET4.0E)"
106.120.121.151 - - [27/Feb/2014:19:41:11 +0800] "GET / HTTP/1.1" 200 317 "-" "Mozilla/4.0 (compatible; MSIE 8.0; Windows NT 5.1; Trident/4.0; .NET CLR 2.0.50727; .NET CLR 3.0.04506.648; .NET CLR 3.5.21022; InfoPath.2; .NET4.0C; .NET4.0E)"
106.120.121.151 - - [28/Feb/2014:09:40:17 +0800] "GET / HTTP/1.1" 200 317 "-" "Mozilla/4.0 (compatible; MSIE 8.0; Windows NT 5.1; Trident/4.0; .NET CLR 2.0.50727; .NET CLR 3.0.04506.648; .NET CLR 3.5.21022; InfoPath.2; .NET4.0C; .NET4.0E)"
106.120.121.151 - - [28/Feb/2014:11:51:54 +0800] "GET / HTTP/1.1" 200 317 "-" "Mozilla/4.0 (compatible; MSIE 8.0; Windows NT 5.1; Trident/4.0; .NET CLR 2.0.50727; .NET CLR 3.0.04506.648; .NET CLR 3.5.21022; InfoPath.2; .NET4.0C; .NET4.0E)"
106.120.121.151 - - [28/Feb/2014:14:21:19 +0800] "GET / HTTP/1.1" 200 317 "-" "Mozilla/4.0 (compatible; MSIE 8.0; Windows NT 5.1; Trident/4.0; .NET CLR 2.0.50727; .NET CLR 3.0.04506.648; .NET CLR 3.5.21022; InfoPath.2; .NET4.0C; .NET4.0E)"
106.120.121.151 - - [28/Feb/2014:18:06:00 +0800] "GET / HTTP/1.1" 200 317 "-" "Mozilla/4.0 (compatible; MSIE 8.0; Windows NT 5.1; Trident/4.0; .NET CLR 2.0.50727; .NET CLR 3.0.04506.648; .NET CLR 3.5.21022; InfoPath.2; .NET4.0C; .NET4.0E)"
66.249.64.179 - - [01/Mar/2014:15:28:03 +0800] "GET /robots.txt HTTP/1.1" 404 469 "-" "Mozilla/5.0 (compatible; Googlebot/2.1; +http://www.google.com/bot.html)"
66.249.64.169 - - [01/Mar/2014:15:28:03 +0800] "GET / HTTP/1.1" 200 336 "-" "Mozilla/5.0 (compatible; Googlebot/2.1; +http://www.google.com/bot.html)"
78.129.250.17 - - [01/Mar/2014:17:01:18 +0800] "GET /robots.txt HTTP/1.1" 404 469 "-" "Mozilla/5.0 (compatible; aiHitBot/2.8; +http://endb-consolidated.aihit.com/)"
78.129.250.17 - - [01/Mar/2014:17:01:20 +0800] "GET / HTTP/1.1" 200 336 "-" "Mozilla/5.0 (compatible; aiHitBot/2.8; +http://endb-consolidated.aihit.com/)"
95.211.160.96 - - [02/Mar/2014:23:12:08 +0800] "GET / HTTP/1.1" 200 317 "-" "Mozilla/5.0 (compatible; bingbot/2.0; +http://www.bing.com/bingbot.htm)"
91.200.14.72 - - [03/Mar/2014:01:01:34 +0800] "GET /admin.php HTTP/1.0" 404 489 "-" "Opera/9.80 (Windows NT 6.1; U; ru) Presto/2.8.131 Version/11.10"
91.200.14.72 - - [03/Mar/2014:01:01:35 +0800] "GET /administrator/index.php HTTP/1.0" 404 503 "-" "Opera/9.80 (Windows NT 6.1; U; ru) Presto/2.8.131 Version/11.10"
91.200.14.72 - - [03/Mar/2014:01:01:36 +0800] "GET /wp-login.php HTTP/1.0" 404 492 "-" "Opera/9.80 (Windows NT 6.1; U; ru) Presto/2.8.131 Version/11.10"
106.120.121.151 - - [03/Mar/2014:09:28:52 +0800] "GET / HTTP/1.1" 200 317 "-" "Mozilla/4.0 (compatible; MSIE 8.0; Windows NT 5.1; Trident/4.0; .NET CLR 2.0.50727; .NET CLR 3.0.04506.648; .NET CLR 3.5.21022; InfoPath.2; .NET4.0C; .NET4.0E)"
106.120.121.151 - - [03/Mar/2014:12:09:13 +0800] "GET / HTTP/1.1" 200 317 "-" "Mozilla/4.0 (compatible; MSIE 8.0; Windows NT 5.1; Trident/4.0; .NET CLR 2.0.50727; .NET CLR 3.0.04506.648; .NET CLR 3.5.21022; InfoPath.2; .NET4.0C; .NET4.0E)"
176.9.50.42 - - [03/Mar/2014:14:19:59 +0800] "GET / HTTP/1.1" 200 336 "-" "Mozilla/4.0 (compatible; MSIE 6.0; Windows 98; Win 9x4.90)"
106.120.121.151 - - [03/Mar/2014:14:28:30 +0800] "GET / HTTP/1.1" 200 317 "-" "Mozilla/4.0 (compatible; MSIE 8.0; Windows NT 5.1; Trident/4.0; .NET CLR 2.0.50727; .NET CLR 3.0.04506.648; .NET CLR 3.5.21022; InfoPath.2; .NET4.0C; .NET4.0E)"
106.120.121.151 - - [03/Mar/2014:16:46:24 +0800] "GET / HTTP/1.1" 200 317 "-" "Mozilla/4.0 (compatible; MSIE 8.0; Windows NT 5.1; Trident/4.0; .NET CLR 2.0.50727; .NET CLR 3.0.04506.648; .NET CLR 3.5.21022; InfoPath.2; .NET4.0C; .NET4.0E)"
106.120.121.146 - - [03/Mar/2014:18:43:49 +0800] "GET / HTTP/1.1" 200 317 "-" "Mozilla/5.0 (Windows NT 5.1; rv:22.0) Gecko/20100101 Firefox/22.0"
106.120.121.146 - - [03/Mar/2014:19:35:27 +0800] "GET / HTTP/1.1" 200 317 "-" "Mozilla/5.0 (Windows NT 5.1; rv:22.0) Gecko/20100101 Firefox/22.0"
106.120.121.146 - - [03/Mar/2014:20:26:09 +0800] "GET / HTTP/1.1" 200 317 "-" "Mozilla/5.0 (Windows NT 5.1; rv:22.0) Gecko/20100101 Firefox/22.0"
106.120.121.146 - - [03/Mar/2014:21:25:23 +0800] "GET / HTTP/1.1" 200 317 "-" "Mozilla/5.0 (Windows NT 5.1; rv:22.0) Gecko/20100101 Firefox/22.0"
106.120.121.146 - - [03/Mar/2014:22:06:05 +0800] "GET / HTTP/1.1" 200 317 "-" "Mozilla/5.0 (Windows NT 5.1; rv:22.0) Gecko/20100101 Firefox/22.0"
106.120.121.146 - - [03/Mar/2014:23:04:21 +0800] "GET / HTTP/1.1" 200 317 "-" "Mozilla/5.0 (Windows NT 5.1; rv:22.0) Gecko/20100101 Firefox/22.0"
106.120.121.146 - - [03/Mar/2014:23:51:10 +0800] "GET / HTTP/1.1" 200 317 "-" "Mozilla/5.0 (Windows NT 5.1; rv:22.0) Gecko/20100101 Firefox/22.0"
106.120.121.146 - - [04/Mar/2014:00:42:21 +0800] "GET / HTTP/1.1" 200 317 "-" "Mozilla/5.0 (Windows NT 5.1; rv:22.0) Gecko/20100101 Firefox/22.0"
106.120.121.146 - - [04/Mar/2014:01:36:02 +0800] "GET / HTTP/1.1" 200 317 "-" "Mozilla/5.0 (Windows NT 5.1; rv:22.0) Gecko/20100101 Firefox/22.0"
106.120.121.146 - - [04/Mar/2014:01:49:55 +0800] "GET / HTTP/1.1" 200 317 "-" "Mozilla/5.0 (Windows NT 5.1; rv:22.0) Gecko/20100101 Firefox/22.0"
106.120.121.146 - - [04/Mar/2014:03:00:39 +0800] "GET / HTTP/1.1" 200 317 "-" "Mozilla/5.0 (Windows NT 5.1; rv:22.0) Gecko/20100101 Firefox/22.0"
106.120.121.146 - - [04/Mar/2014:03:26:07 +0800] "GET / HTTP/1.1" 200 317 "-" "Mozilla/5.0 (Windows NT 5.1; rv:22.0) Gecko/20100101 Firefox/22.0"
106.120.121.146 - - [04/Mar/2014:04:35:31 +0800] "GET / HTTP/1.1" 200 317 "-" "Mozilla/5.0 (Windows NT 5.1; rv:22.0) Gecko/20100101 Firefox/22.0"
106.120.121.146 - - [04/Mar/2014:05:22:44 +0800] "GET / HTTP/1.1" 200 317 "-" "Mozilla/5.0 (Windows NT 5.1; rv:22.0) Gecko/20100101 Firefox/22.0"
106.120.121.146 - - [04/Mar/2014:05:44:22 +0800] "GET / HTTP/1.1" 200 317 "-" "Mozilla/5.0 (Windows NT 5.1; rv:22.0) Gecko/20100101 Firefox/22.0"
106.120.121.146 - - [04/Mar/2014:07:00:26 +0800] "GET / HTTP/1.1" 200 317 "-" "Mozilla/5.0 (Windows NT 5.1; rv:22.0) Gecko/20100101 Firefox/22.0"
106.120.121.146 - - [04/Mar/2014:07:14:50 +0800] "GET / HTTP/1.1" 200 317 "-" "Mozilla/5.0 (Windows NT 5.1; rv:22.0) Gecko/20100101 Firefox/22.0"
106.120.121.146 - - [04/Mar/2014:07:57:44 +0800] "GET / HTTP/1.1" 200 317 "-" "Mozilla/5.0 (Windows NT 5.1; rv:22.0) Gecko/20100101 Firefox/22.0"
106.120.121.151 - - [04/Mar/2014:09:33:40 +0800] "GET / HTTP/1.1" 200 317 "-" "Mozilla/4.0 (compatible; MSIE 8.0; Windows NT 5.1; Trident/4.0; .NET CLR 2.0.50727; .NET CLR 3.0.04506.648; .NET CLR 3.5.21022; InfoPath.2; .NET4.0C; .NET4.0E)"
106.120.121.151 - - [04/Mar/2014:11:45:19 +0800] "GET / HTTP/1.1" 200 317 "-" "Mozilla/4.0 (compatible; MSIE 8.0; Windows NT 5.1; Trident/4.0; .NET CLR 2.0.50727; .NET CLR 3.0.04506.648; .NET CLR 3.5.21022; InfoPath.2; .NET4.0C; .NET4.0E)"
106.120.121.151 - - [04/Mar/2014:14:17:34 +0800] "GET / HTTP/1.1" 200 317 "-" "Mozilla/4.0 (compatible; MSIE 8.0; Windows NT 5.1; Trident/4.0; .NET CLR 2.0.50727; .NET CLR 3.0.04506.648; .NET CLR 3.5.21022; InfoPath.2; .NET4.0C; .NET4.0E)"
106.120.121.151 - - [04/Mar/2014:16:30:02 +0800] "GET / HTTP/1.1" 200 317 "-" "Mozilla/4.0 (compatible; MSIE 8.0; Windows NT 5.1; Trident/4.0; .NET CLR 2.0.50727; .NET CLR 3.0.04506.648; .NET CLR 3.5.21022; InfoPath.2; .NET4.0C; .NET4.0E)"
106.120.121.151 - - [05/Mar/2014:09:29:40 +0800] "GET / HTTP/1.1" 200 317 "-" "Mozilla/4.0 (compatible; MSIE 8.0; Windows NT 5.1; Trident/4.0; .NET CLR 2.0.50727; .NET CLR 3.0.04506.648; .NET CLR 3.5.21022; InfoPath.2; .NET4.0C; .NET4.0E)"
106.120.121.151 - - [05/Mar/2014:11:43:09 +0800] "GET / HTTP/1.1" 200 317 "-" "Mozilla/4.0 (compatible; MSIE 8.0; Windows NT 5.1; Trident/4.0; .NET CLR 2.0.50727; .NET CLR 3.0.04506.648; .NET CLR 3.5.21022; InfoPath.2; .NET4.0C; .NET4.0E)"
106.120.121.151 - - [05/Mar/2014:13:42:38 +0800] "GET / HTTP/1.1" 200 317 "-" "Mozilla/4.0 (compatible; MSIE 8.0; Windows NT 5.1; Trident/4.0; .NET CLR 2.0.50727; .NET CLR 3.0.04506.648; .NET CLR 3.5.21022; InfoPath.2; .NET4.0C; .NET4.0E)"
106.120.121.151 - - [05/Mar/2014:15:54:46 +0800] "GET / HTTP/1.1" 200 317 "-" "Mozilla/4.0 (compatible; MSIE 8.0; Windows NT 5.1; Trident/4.0; .NET CLR 2.0.50727; .NET CLR 3.0.04506.648; .NET CLR 3.5.21022; InfoPath.2; .NET4.0C; .NET4.0E)"
106.120.121.151 - - [05/Mar/2014:17:34:24 +0800] "GET / HTTP/1.1" 200 317 "-" "Mozilla/4.0 (compatible; MSIE 8.0; Windows NT 5.1; Trident/4.0; .NET CLR 2.0.50727; .NET CLR 3.0.04506.648; .NET CLR 3.5.21022; InfoPath.2; .NET4.0C; .NET4.0E)"
106.120.121.151 - - [06/Mar/2014:09:49:18 +0800] "GET / HTTP/1.1" 200 317 "-" "Mozilla/4.0 (compatible; MSIE 8.0; Windows NT 5.1; Trident/4.0; .NET CLR 2.0.50727; .NET CLR 3.0.04506.648; .NET CLR 3.5.21022; InfoPath.2; .NET4.0C; .NET4.0E)"
106.120.121.151 - - [06/Mar/2014:12:08:58 +0800] "GET / HTTP/1.1" 200 317 "-" "Mozilla/4.0 (compatible; MSIE 8.0; Windows NT 5.1; Trident/4.0; .NET CLR 2.0.50727; .NET CLR 3.0.04506.648; .NET CLR 3.5.21022; InfoPath.2; .NET4.0C; .NET4.0E)"
61.135.169.86 - - [06/Mar/2014:12:49:28 +0800] "GET / HTTP/1.1" 200 336 "-" "Mozilla/5.0 (Macintosh; Intel Mac OS X 10_9_1) AppleWebKit/537.36 (KHTML, like Gecko) Chrome/31.0.1650.63 Safari/537.36"
61.135.169.86 - - [06/Mar/2014:12:49:28 +0800] "GET /static/building.jpg HTTP/1.1" 200 8277 "http://www.kanhuiqiu.com/" "Mozilla/5.0 (Macintosh; Intel Mac OS X 10_9_1) AppleWebKit/537.36 (KHTML, like Gecko) Chrome/31.0.1650.63 Safari/537.36"
61.135.169.86 - - [06/Mar/2014:12:49:28 +0800] "GET /favicon.ico HTTP/1.1" 404 468 "-" "Mozilla/5.0 (Macintosh; Intel Mac OS X 10_9_1) AppleWebKit/537.36 (KHTML, like Gecko) Chrome/31.0.1650.63 Safari/537.36"
113.181.205.97 - - [06/Mar/2014:13:24:30 +0800] "GET /wp-admin/ HTTP/1.1" 404 465 "-" "Mozilla/5.0 (Windows; U; MSIE 9.0; WIndows NT 9.0; en-US))"
113.181.205.97 - - [06/Mar/2014:13:24:31 +0800] "GET /wordpress/wp-admin/ HTTP/1.1" 404 470 "-" "Mozilla/5.0 (Windows NT 6.2; Win64; x64; rv:16.0.1) Gecko/20121011 Firefox/16.0.1"
113.181.205.97 - - [06/Mar/2014:13:24:31 +0800] "GET /blog/wp-admin/ HTTP/1.1" 404 469 "-" "Mozilla/6.0 (Windows NT 6.2; WOW64; rv:16.0.1) Gecko/20121011 Firefox/16.0.1"
106.120.121.151 - - [06/Mar/2014:14:28:27 +0800] "GET / HTTP/1.1" 200 317 "-" "Mozilla/4.0 (compatible; MSIE 8.0; Windows NT 5.1; Trident/4.0; .NET CLR 2.0.50727; .NET CLR 3.0.04506.648; .NET CLR 3.5.21022; InfoPath.2; .NET4.0C; .NET4.0E)"
106.120.121.151 - - [06/Mar/2014:16:50:38 +0800] "GET / HTTP/1.1" 200 317 "-" "Mozilla/4.0 (compatible; MSIE 8.0; Windows NT 5.1; Trident/4.0; .NET CLR 2.0.50727; .NET CLR 3.0.04506.648; .NET CLR 3.5.21022; InfoPath.2; .NET4.0C; .NET4.0E)"
172.246.147.196 - - [06/Mar/2014:18:09:06 +0800] "GET / HTTP/1.0" 200 317 "http://www.kanhuiqiu.com/" "Mozilla/4.0 (compatible; MSIE 8.0; Windows NT 6.0)"
106.120.121.151 - - [06/Mar/2014:19:14:34 +0800] "GET / HTTP/1.1" 200 317 "-" "Mozilla/4.0 (compatible; MSIE 8.0; Windows NT 5.1; Trident/4.0; .NET CLR 2.0.50727; .NET CLR 3.0.04506.648; .NET CLR 3.5.21022; InfoPath.2; .NET4.0C; .NET4.0E)"
